Microchip MPLAB XC8 Compiler V2.20

Linker command line:

-W-3 --edf=C:\Program Files\Microchip\xc8\v2.20\pic\dat\en_msgs.txt -cn \
  -h+dist/default/production\modbus_18854_read_voltage.X.production.sym \
  --cmf=dist/default/production\modbus_18854_read_voltage.X.production.cmf \
  -z -Q16F18854 -oC:\Users\linda\AppData\Local\Temp\scic.2 \
  --defsym=__MPLAB_BUILD=1 \
  -Mdist/default/production/modbus_18854_read_voltage.X.production.map -E1 \
  -ver=XC8 Compiler --acfsm=1493 -ASTACK=020E9h-0217Bh -pstack=STACK \
  -ACODE=00h-07FFhx2 -ASTRCODE=00h-0FFFh -ASTRING=00h-0FFhx16 \
  -ACONST=00h-0FFhx16 -AENTRY=00h-0FFhx16 -ACOMMON=070h-07Fh \
  -ABANK0=020h-06Fh -ABANK1=0A0h-0EFh -ABANK2=0120h-016Fh \
  -ABANK3=01A0h-01EFh -ABANK4=0220h-026Fh -ABANK5=02A0h-02EFh \
  -ABANK6=0320h-032Fh -ABIGRAM=02000h-021EFh \
  -ARAM=020h-06Fh,0A0h-0EFh,0120h-016Fh,01A0h-01EFh,0220h-026Fh,02A0h-02EFh,0320h-032Fh \
  -AABS1=020h-07Fh,0A0h-0EFh,0120h-016Fh,01A0h-01EFh,0220h-026Fh,02A0h-02EFh,0320h-032Fh \
  -ASFR0=00h-01Fh -ASFR1=080h-09Fh -ASFR2=0100h-011Fh -ASFR3=0180h-019Fh \
  -ASFR4=0200h-021Fh -ASFR5=0280h-029Fh -ASFR6=0300h-031Fh \
  -ASFR7=0380h-03EFh -ASFR8=0400h-046Fh -ASFR9=0480h-04EFh \
  -ASFR10=0500h-056Fh -ASFR11=0580h-05EFh -ASFR12=0600h-066Fh \
  -ASFR13=0680h-06EFh -ASFR14=0700h-076Fh -ASFR15=0780h-07EFh \
  -ASFR16=0800h-086Fh -ASFR17=0880h-08EFh -ASFR18=0900h-096Fh \
  -ASFR19=0980h-09EFh -ASFR20=0A00h-0A6Fh -ASFR21=0A80h-0AEFh \
  -ASFR22=0B00h-0B6Fh -ASFR23=0B80h-0BEFh -ASFR24=0C00h-0C6Fh \
  -ASFR25=0C80h-0CEFh -ASFR26=0D00h-0D6Fh -ASFR27=0D80h-0DEFh \
  -ASFR28=0E00h-0E6Fh -ASFR29=0E80h-0EEFh -ASFR30=0F00h-0F6Fh \
  -ASFR31=0F80h-0FEFh -ACONFIG=08007h-0800Bh -DCONFIG=2 \
  -AIDLOC=08000h-08003h -DIDLOC=2 \
  -preset_vec=00h,intentry=04h,init,end_init -ppowerup=CODE -pcinit=CODE \
  -pfunctab=ENTRY -AEEDATA=00h-0FFh/0F000h -peeprom_data=EEDATA -DEEDATA=2 \
  -DCODE=2 -DSTRCODE=2 -DSTRING=2 -DCONST=2 -DENTRY=2 -k \
  C:\Users\linda\AppData\Local\Temp\scic.o \
  dist/default/production\modbus_18854_read_voltage.X.production.o 

Object code version is 3.11

Machine type is 16F18854



                Name                               Link     Load   Length Selector   Space Scale
C:\Users\linda\AppData\Local\Temp\scic.o
                end_init                             27       27        2        8       0
                reset_vec                             0        0        2        0       0
                config                             8007     8007        5        0       4
dist/default/production\modbus_18854_read_voltage.X.production.o
                cinit                                29       29       44        8       0
                intentry                              4        4       23        8       0
                config                             8007     8007        5        0       4
                text35                              414      414       1A        8       0
                text34                              537      537        4        8       0
                text33                              53B      53B        1        8       0
                text32                              533      533        4        8       0
                text31                              334      334       39        8       0
                text29                              19D      19D       6B        8       0
                text28                              272      272       46        8       0
                text27                              3CC      3CC       29        8       0
                text26                              4E4      4E4        A        8       0
                text25                              2B8      2B8       43        8       0
                text24                              4CD      4CD        C        8       0
                text23                              4C1      4C1        C        8       0
                text22                              52D      52D        6        8       0
                text21                              527      527        6        8       0
                text20                              499      499       10        8       0
                text19                              486      486       13        8       0
                text18                              42E      42E       18        8       0
                text17                              45D      45D       16        8       0
                text16                              208      208       6A        8       0
                text15                              39D      39D       2F        8       0
                text14                              446      446       17        8       0
                text13                              3F5      3F5       1F        8       0
                text12                              521      521        6        8       0
                text11                              51B      51B        6        8       0
                text10                              515      515        6        8       0
                text9                               50F      50F        6        8       0
                text8                               36D      36D       30        8       0
                text7                               4F7      4F7        9        8       0
                text6                               2FB      2FB       39        8       0
                text5                               500      500        8        8       0
                text4                               4B5      4B5        C        8       0
                text3                               4D9      4D9        B        8       0
                text2                               473      473       13        8       0
                text1                               508      508        7        8       0
                maintext                             6D       6D      130        8       0
                cstackBANK0                          20       20       29       20       1
                cstackCOMMON                         70       70        8       70       1
                clrtext                             4A9      4A9        C        8       0
                bssBANK2                            120      120       49      120       1
                bssBANK1                             A0       A0       49       A0       1
                dataBANK0                            49       49        9       20       1
                bssBANK0                             5A       5A        6       20       1
                bssCOMMON                            78       78        3       70       1
                nvBANK0                              52       52        8       20       1
                idataBANK0                          4EE      4EE        9        8       0

TOTAL           Name                               Link     Load   Length     Space
        CLASS   STACK          

        CLASS   CODE           
                end_init                             27       27        2         0
                cinit                                29       29       44         0
                intentry                              4        4       23         0
                reset_vec                             0        0        2         0
                text35                              414      414       1A         0
                text34                              537      537        4         0
                text33                              53B      53B        1         0
                text32                              533      533        4         0
                text31                              334      334       39         0
                text29                              19D      19D       6B         0
                text28                              272      272       46         0
                text27                              3CC      3CC       29         0
                text26                              4E4      4E4        A         0
                text25                              2B8      2B8       43         0
                text24                              4CD      4CD        C         0
                text23                              4C1      4C1        C         0
                text22                              52D      52D        6         0
                text21                              527      527        6         0
                text20                              499      499       10         0
                text19                              486      486       13         0
                text18                              42E      42E       18         0
                text17                              45D      45D       16         0
                text16                              208      208       6A         0
                text15                              39D      39D       2F         0
                text14                              446      446       17         0
                text13                              3F5      3F5       1F         0
                text12                              521      521        6         0
                text11                              51B      51B        6         0
                text10                              515      515        6         0
                text9                               50F      50F        6         0
                text8                               36D      36D       30         0
                text7                               4F7      4F7        9         0
                text6                               2FB      2FB       39         0
                text5                               500      500        8         0
                text4                               4B5      4B5        C         0
                text3                               4D9      4D9        B         0
                text2                               473      473       13         0
                text1                               508      508        7         0
                maintext                             6D       6D      130         0
                clrtext                             4A9      4A9        C         0
                idataBANK0                          4EE      4EE        9         0

        CLASS   STRCODE        

        CLASS   STRING         

        CLASS   CONST          

        CLASS   ENTRY          

        CLASS   COMMON         
                cstackCOMMON                         70       70        8         1
                bssCOMMON                            78       78        3         1

        CLASS   BANK0          
                cstackBANK0                          20       20       29         1
                dataBANK0                            49       49        9         1
                bssBANK0                             5A       5A        6         1
                nvBANK0                              52       52        8         1

        CLASS   BANK1          
                bssBANK1                             A0       A0       49         1

        CLASS   BANK2          
                bssBANK2                            120      120       49         1

        CLASS   BANK3          

        CLASS   BANK4          

        CLASS   BANK5          

        CLASS   BANK6          

        CLASS   BIGRAM         

        CLASS   RAM            

        CLASS   ABS1           
                abs_s1                               7E       7E        2         1
                abs_s1                              25C      25C       14         1
                abs_s1                              2A0      2A0       50         1
                abs_s1                              320      320       10         1
                abs_s1                             217C     217C        0         1

        CLASS   SFR0           

        CLASS   SFR1           

        CLASS   SFR2           

        CLASS   SFR3           

        CLASS   SFR4           

        CLASS   SFR5           

        CLASS   SFR6           

        CLASS   SFR7           

        CLASS   SFR8           

        CLASS   SFR9           

        CLASS   SFR10          

        CLASS   SFR11          

        CLASS   SFR12          

        CLASS   SFR13          

        CLASS   SFR14          

        CLASS   SFR15          

        CLASS   SFR16          

        CLASS   SFR17          

        CLASS   SFR18          

        CLASS   SFR19          

        CLASS   SFR20          

        CLASS   SFR21          

        CLASS   SFR22          

        CLASS   SFR23          

        CLASS   SFR24          

        CLASS   SFR25          

        CLASS   SFR26          

        CLASS   SFR27          

        CLASS   SFR28          

        CLASS   SFR29          

        CLASS   SFR30          

        CLASS   SFR31          

        CLASS   CONFIG         
                config                             8007     8007        5         4

        CLASS   IDLOC          

        CLASS   EEDATA         

        CLASS   BANK31         

        CLASS   BANK30         

        CLASS   BANK29         

        CLASS   BANK28         

        CLASS   BANK27         

        CLASS   BANK26         

        CLASS   BANK25         

        CLASS   BANK24         

        CLASS   BANK23         

        CLASS   BANK22         

        CLASS   BANK21         

        CLASS   BANK20         

        CLASS   BANK19         

        CLASS   BANK18         

        CLASS   BANK17         

        CLASS   BANK16         

        CLASS   BANK15         

        CLASS   BANK14         

        CLASS   BANK13         

        CLASS   BANK12         

        CLASS   BANK11         

        CLASS   BANK10         

        CLASS   BANK9          

        CLASS   BANK8          

        CLASS   BANK7          



SEGMENTS        Name                           Load    Length   Top    Selector   Space  Class     Delta

                reset_vec                      000000  000002  000002         0       0  CODE        2
                intentry                       000004  000538  00053C         8       0  CODE        2
                cstackBANK0                    000020  000040  000060        20       1  BANK0       1
                cstackCOMMON                   000070  00000B  00007B        70       1  COMMON      1
                bssBANK1                       0000A0  000049  0000E9        A0       1  BANK1       1
                bssBANK2                       000120  000049  000169       120       1  BANK2       1


UNUSED ADDRESS RANGES

        Name                Unused          Largest block    Delta
        BANK0            00060-0006F              10           1
        BANK1            000E9-000EF               7           1
        BANK2            00169-0016F               7           1
        BANK3            001A0-001EF              50           1
        BANK4            00220-0025B              3C           1
        BIGRAM           02000-021EF             1F0           1
        CODE             00002-00003               2           2
                         0053C-00FFF             2C4
        COMMON           0007B-0007D               3           1
        CONST            00002-00003               2           2
                         0053C-00FFF             100
        EEDATA           0F000-0F0FF             100           2
        ENTRY            00002-00003               2           2
                         0053C-00FFF             100
        IDLOC            08000-08003               4           2
        RAM              00060-0006F              10           1
                         000E9-000EF               7
                         00169-0016F               7
                         001A0-001EF              50
                         00220-0025B              3C
        SFR0             00000-0001F              20           1
        SFR1             00080-0009F              20           1
        SFR10            00500-0056F              70           1
        SFR11            00580-005EF              70           1
        SFR12            00600-0066F              70           1
        SFR13            00680-006EF              70           1
        SFR14            00700-0076F              70           1
        SFR15            00780-007EF              70           1
        SFR16            00800-0086F              70           1
        SFR17            00880-008EF              70           1
        SFR18            00900-0096F              70           1
        SFR19            00980-009EF              70           1
        SFR2             00100-0011F              20           1
        SFR20            00A00-00A6F              70           1
        SFR21            00A80-00AEF              70           1
        SFR22            00B00-00B6F              70           1
        SFR23            00B80-00BEF              70           1
        SFR24            00C00-00C6F              70           1
        SFR25            00C80-00CEF              70           1
        SFR26            00D00-00D6F              70           1
        SFR27            00D80-00DEF              70           1
        SFR28            00E00-00E6F              70           1
        SFR29            00E80-00EEF              70           1
        SFR3             00180-0019F              20           1
        SFR30            00F00-00F6F              70           1
        SFR31            00F80-00FEF              70           1
        SFR4             00200-0021F              20           1
        SFR5             00280-0029F              20           1
        SFR6             00300-0031F              20           1
        SFR7             00380-003EF              70           1
        SFR8             00400-0046F              70           1
        SFR9             00480-004EF              70           1
        STACK            020E9-0217B              93           1
        STRCODE          00002-00003               2           2
                         0053C-00FFF             AC4
        STRING           00002-00003               2           2
                         0053C-00FFF             100

                                  Symbol Table

BadBetteryFilter@k                             cstackBANK0  0002E
Delay@counter                                  cstackCOMMON 00073
EUSART_Read@readValue                          cstackCOMMON 00074
EUSART_SetErrorHandler@interruptHandler        cstackCOMMON 00073
EUSART_SetFramingErrorHandler@interruptHandler cstackCOMMON 00073
EUSART_SetOverrunErrorHandler@interruptHandler cstackCOMMON 00073
EUSART_SetRxInterruptHandler@interruptHandler  cstackCOMMON 00073
EUSART_Write@txData                            cstackCOMMON 00073
Get_Voltage@k                                  cstackCOMMON 00073
I2C_Master_Write@data                          cstackCOMMON 00073
IO_Expander_Write@Data                         cstackCOMMON 00074
LCD_CMD@CMD                                    cstackBANK0  00020
LCD_Init@I2C_Add                               cstackBANK0  00022
LCD_Set_Cursor@COL                             cstackBANK0  00021
LCD_Set_Cursor@ROW                             cstackBANK0  00024
LCD_Write_4Bit@Nibble                          cstackCOMMON 00076
LCD_Write_Char@Data                            cstackBANK0  00020
LCD_Write_String@Str                           cstackBANK0  00021
LCD_Write_String@i                             cstackBANK0  00023
Sort@i                                         cstackBANK0  00024
Sort@j                                         cstackBANK0  00026
Sort@tmp                                       cstackBANK0  00020
TMR0_ReadTimer@readVal                         cstackCOMMON 00074
_ANSELA                                        (abs)        00F38
_ANSELB                                        (abs)        00F43
_ANSELC                                        (abs)        00F4E
_BAUD1CON                                      (abs)        0011F
_BackLight_State                               dataBANK0    00051
_BadBetteryFilter                              text28       00272
_Coulomb_Data                                  (abs)        0217C
_Delay                                         text24       004CD
_EUSART_DefaultErrorHandler                    text34       00537
_EUSART_DefaultFramingErrorHandler             text33       0053B
_EUSART_DefaultOverrunErrorHandler             text32       00533
_EUSART_ErrorHandler                           nvBANK0      00052
_EUSART_FramingErrorHandler                    nvBANK0      00056
_EUSART_Initialize                             text8        0036D
_EUSART_OverrunErrorHandler                    nvBANK0      00054
_EUSART_Read                                   text27       003CC
_EUSART_Receive_ISR                            text31       00334
_EUSART_RxDataHandler                          text35       00414
_EUSART_RxDefaultInterruptHandler              nvBANK0      00058
_EUSART_SetErrorHandler                        text12       00521
_EUSART_SetFramingErrorHandler                 text11       0051B
_EUSART_SetOverrunErrorHandler                 text10       00515
_EUSART_SetRxInterruptHandler                  text9        0050F
_EUSART_Write                                  text26       004E4
_Get_Voltage                                   text25       002B8
_I2C_Master_Start                              text22       0052D
_I2C_Master_Stop                               text21       00527
_I2C_Master_Wait                               text23       004C1
_I2C_Master_Write                              text20       00499
_INLVLA                                        (abs)        00F3C
_INLVLB                                        (abs)        00F47
_INLVLC                                        (abs)        00F52
_INLVLE                                        (abs)        00F68
_INTCONbits                                    (abs)        0000B
_INTERRUPT_InterruptManager                    intentry     00004
_IO_Expander_Write                             text19       00486
_LATA                                          (abs)        00016
_LATAbits                                      (abs)        00016
_LATB                                          (abs)        00017
_LATC                                          (abs)        00018
_LCD_CMD                                       text17       0045D
_LCD_Init                                      text16       00208
_LCD_Set_Cursor                                text15       0039D
_LCD_Write_4Bit                                text18       0042E
_LCD_Write_Char                                text14       00446
_LCD_Write_String                              text13       003F5
_ODCONA                                        (abs)        00F3A
_ODCONB                                        (abs)        00F45
_ODCONC                                        (abs)        00F50
_OSCCON1                                       (abs)        0088D
_OSCCON3                                       (abs)        0088F
_OSCEN                                         (abs)        00891
_OSCFRQ                                        (abs)        00893
_OSCILLATOR_Initialize                         text7        004F7
_OSCTUNE                                       (abs)        00892
_PIE3bits                                      (abs)        00719
_PIN_MANAGER_Initialize                        text6        002FB
_PIR0bits                                      (abs)        0070C
_PIR3bits                                      (abs)        0070F
_PMD0                                          (abs)        00796
_PMD1                                          (abs)        00797
_PMD2                                          (abs)        00798
_PMD3                                          (abs)        00799
_PMD4                                          (abs)        0079A
_PMD5                                          (abs)        0079B
_PMD_Initialize                                text5        00500
_PORTA                                         (abs)        0000C
_PORTAbits                                     (abs)        0000C
_RC1REG                                        (abs)        00119
_RC1STA                                        (abs)        0011D
_RC1STAbits                                    (abs)        0011D
_RC3PPS                                        (abs)        00F23
_RC4PPS                                        (abs)        00F24
_RC6PPS                                        (abs)        00F26
_RS                                            bssBANK0     0005D
_RXPPS                                         (abs)        00ECB
_SLRCONA                                       (abs)        00F3B
_SLRCONB                                       (abs)        00F46
_SLRCONC                                       (abs)        00F51
_SP1BRGH                                       (abs)        0011C
_SP1BRGL                                       (abs)        0011B
_SSP1ADD                                       (abs)        0018D
_SSP1BUF                                       (abs)        0018C
_SSP1CLKPPS                                    (abs)        00EC5
_SSP1CON1                                      (abs)        00190
_SSP1CON2                                      (abs)        00191
_SSP1CON2bits                                  (abs)        00191
_SSP1DATPPS                                    (abs)        00EC6
_SSP1MSK                                       (abs)        0018E
_SSP1STAT                                      (abs)        0018F
_SSP1STATbits                                  (abs)        0018F
_SYSTEM_Initialize                             text2        00473
_Sort                                          text29       0019D
_T0CON0                                        (abs)        0001E
_T0CON0bits                                    (abs)        0001E
_T0CON1                                        (abs)        0001F
_TMR0H                                         (abs)        0001D
_TMR0L                                         (abs)        0001C
_TMR0_Initialize                               text4        004B5
_TMR0_ReadTimer                                text1        00508
_TRISA                                         (abs)        00011
_TRISB                                         (abs)        00012
_TRISC                                         (abs)        00013
_TX1REG                                        (abs)        0011A
_TX1STA                                        (abs)        0011E
_TX1STAbits                                    (abs)        0011E
_Voltage_sort                                  bssBANK1     000C7
_WPUA                                          (abs)        00F39
_WPUB                                          (abs)        00F44
_WPUC                                          (abs)        00F4F
_WPUE                                          (abs)        00F65
__Habs1                                        abs1         00000
__Hbank0                                       bank0        00000
__Hbank1                                       bank1        00000
__Hbank10                                      bank10       00000
__Hbank11                                      bank11       00000
__Hbank12                                      bank12       00000
__Hbank13                                      bank13       00000
__Hbank14                                      bank14       00000
__Hbank15                                      bank15       00000
__Hbank16                                      bank16       00000
__Hbank17                                      bank17       00000
__Hbank18                                      bank18       00000
__Hbank19                                      bank19       00000
__Hbank2                                       bank2        00000
__Hbank20                                      bank20       00000
__Hbank21                                      bank21       00000
__Hbank22                                      bank22       00000
__Hbank23                                      bank23       00000
__Hbank24                                      bank24       00000
__Hbank25                                      bank25       00000
__Hbank26                                      bank26       00000
__Hbank27                                      bank27       00000
__Hbank28                                      bank28       00000
__Hbank29                                      bank29       00000
__Hbank3                                       bank3        00000
__Hbank30                                      bank30       00000
__Hbank31                                      bank31       00000
__Hbank4                                       bank4        00000
__Hbank5                                       bank5        00000
__Hbank6                                       bank6        00000
__Hbank7                                       bank7        00000
__Hbank8                                       bank8        00000
__Hbank9                                       bank9        00000
__Hbigram                                      bigram       00000
__HbssBANK0                                    bssBANK0     00000
__HbssBANK1                                    bssBANK1     00000
__HbssBANK2                                    bssBANK2     00000
__HbssCOMMON                                   bssCOMMON    00000
__Hcinit                                       cinit        0006D
__Hclrtext                                     clrtext      00000
__Hcode                                        code         00000
__Hcommon                                      common       00000
__Hconfig                                      config       0800C
__HcstackBANK0                                 cstackBANK0  00000
__HcstackCOMMON                                cstackCOMMON 00000
__HdataBANK0                                   dataBANK0    00000
__Heeprom_data                                 eeprom_data  00000
__Hend_init                                    end_init     00029
__Hfunctab                                     functab      00000
__HidataBANK0                                  idataBANK0   00000
__Hinit                                        init         00027
__Hintentry                                    intentry     00027
__Hmaintext                                    maintext     00000
__HnvBANK0                                     nvBANK0      00000
__Hpowerup                                     powerup      00000
__Hram                                         ram          00000
__Hreset_vec                                   reset_vec    00002
__Hsfr0                                        sfr0         00000
__Hsfr1                                        sfr1         00000
__Hsfr10                                       sfr10        00000
__Hsfr11                                       sfr11        00000
__Hsfr12                                       sfr12        00000
__Hsfr13                                       sfr13        00000
__Hsfr14                                       sfr14        00000
__Hsfr15                                       sfr15        00000
__Hsfr16                                       sfr16        00000
__Hsfr17                                       sfr17        00000
__Hsfr18                                       sfr18        00000
__Hsfr19                                       sfr19        00000
__Hsfr2                                        sfr2         00000
__Hsfr20                                       sfr20        00000
__Hsfr21                                       sfr21        00000
__Hsfr22                                       sfr22        00000
__Hsfr23                                       sfr23        00000
__Hsfr24                                       sfr24        00000
__Hsfr25                                       sfr25        00000
__Hsfr26                                       sfr26        00000
__Hsfr27                                       sfr27        00000
__Hsfr28                                       sfr28        00000
__Hsfr29                                       sfr29        00000
__Hsfr3                                        sfr3         00000
__Hsfr30                                       sfr30        00000
__Hsfr31                                       sfr31        00000
__Hsfr4                                        sfr4         00000
__Hsfr5                                        sfr5         00000
__Hsfr6                                        sfr6         00000
__Hsfr7                                        sfr7         00000
__Hsfr8                                        sfr8         00000
__Hsfr9                                        sfr9         00000
__Hspace_0                                     (abs)        0053C
__Hspace_1                                     (abs)        00169
__Hspace_2                                     (abs)        00000
__Hspace_3                                     (abs)        00000
__Hspace_4                                     (abs)        10013
__Hstack                                       stack        00000
__Hstrings                                     strings      00000
__Htext                                        text         00000
__Labs1                                        abs1         00000
__Lbank0                                       bank0        00000
__Lbank1                                       bank1        00000
__Lbank10                                      bank10       00000
__Lbank11                                      bank11       00000
__Lbank12                                      bank12       00000
__Lbank13                                      bank13       00000
__Lbank14                                      bank14       00000
__Lbank15                                      bank15       00000
__Lbank16                                      bank16       00000
__Lbank17                                      bank17       00000
__Lbank18                                      bank18       00000
__Lbank19                                      bank19       00000
__Lbank2                                       bank2        00000
__Lbank20                                      bank20       00000
__Lbank21                                      bank21       00000
__Lbank22                                      bank22       00000
__Lbank23                                      bank23       00000
__Lbank24                                      bank24       00000
__Lbank25                                      bank25       00000
__Lbank26                                      bank26       00000
__Lbank27                                      bank27       00000
__Lbank28                                      bank28       00000
__Lbank29                                      bank29       00000
__Lbank3                                       bank3        00000
__Lbank30                                      bank30       00000
__Lbank31                                      bank31       00000
__Lbank4                                       bank4        00000
__Lbank5                                       bank5        00000
__Lbank6                                       bank6        00000
__Lbank7                                       bank7        00000
__Lbank8                                       bank8        00000
__Lbank9                                       bank9        00000
__Lbigram                                      bigram       00000
__LbssBANK0                                    bssBANK0     00000
__LbssBANK1                                    bssBANK1     00000
__LbssBANK2                                    bssBANK2     00000
__LbssCOMMON                                   bssCOMMON    00000
__Lcinit                                       cinit        00029
__Lclrtext                                     clrtext      00000
__Lcode                                        code         00000
__Lcommon                                      common       00000
__Lconfig                                      config       00000
__LcstackBANK0                                 cstackBANK0  00000
__LcstackCOMMON                                cstackCOMMON 00000
__LdataBANK0                                   dataBANK0    00000
__Leeprom_data                                 eeprom_data  00000
__Lend_init                                    end_init     00027
__Lfunctab                                     functab      00000
__LidataBANK0                                  idataBANK0   00000
__Linit                                        init         00027
__Lintentry                                    intentry     00004
__Lmaintext                                    maintext     00000
__LnvBANK0                                     nvBANK0      00000
__Lpowerup                                     powerup      00000
__Lram                                         ram          00000
__Lreset_vec                                   reset_vec    00000
__Lsfr0                                        sfr0         00000
__Lsfr1                                        sfr1         00000
__Lsfr10                                       sfr10        00000
__Lsfr11                                       sfr11        00000
__Lsfr12                                       sfr12        00000
__Lsfr13                                       sfr13        00000
__Lsfr14                                       sfr14        00000
__Lsfr15                                       sfr15        00000
__Lsfr16                                       sfr16        00000
__Lsfr17                                       sfr17        00000
__Lsfr18                                       sfr18        00000
__Lsfr19                                       sfr19        00000
__Lsfr2                                        sfr2         00000
__Lsfr20                                       sfr20        00000
__Lsfr21                                       sfr21        00000
__Lsfr22                                       sfr22        00000
__Lsfr23                                       sfr23        00000
__Lsfr24                                       sfr24        00000
__Lsfr25                                       sfr25        00000
__Lsfr26                                       sfr26        00000
__Lsfr27                                       sfr27        00000
__Lsfr28                                       sfr28        00000
__Lsfr29                                       sfr29        00000
__Lsfr3                                        sfr3         00000
__Lsfr30                                       sfr30        00000
__Lsfr31                                       sfr31        00000
__Lsfr4                                        sfr4         00000
__Lsfr5                                        sfr5         00000
__Lsfr6                                        sfr6         00000
__Lsfr7                                        sfr7         00000
__Lsfr8                                        sfr8         00000
__Lsfr9                                        sfr9         00000
__Lspace_0                                     (abs)        00000
__Lspace_1                                     (abs)        00000
__Lspace_2                                     (abs)        00000
__Lspace_3                                     (abs)        00000
__Lspace_4                                     (abs)        00000
__Lstack                                       stack        00000
__Lstrings                                     strings      00000
__Ltext                                        text         00000
__S0                                           (abs)        0053C
__S1                                           (abs)        00169
__S2                                           (abs)        00000
__S3                                           (abs)        00000
___int_sp                                      stack        00000
___latbits                                     (abs)        00001
___sp                                          stack        00000
___stackhi                                     (abs)        0217B
___stacklo                                     (abs)        020E9
__end_of_BadBetteryFilter                      text28       002B8
__end_of_Delay                                 text24       004D9
__end_of_EUSART_DefaultErrorHandler            text34       0053B
__end_of_EUSART_DefaultFramingErrorHandler     text33       0053C
__end_of_EUSART_DefaultOverrunErrorHandler     text32       00537
__end_of_EUSART_Initialize                     text8        0039D
__end_of_EUSART_Read                           text27       003F5
__end_of_EUSART_Receive_ISR                    text31       0036D
__end_of_EUSART_RxDataHandler                  text35       0042E
__end_of_EUSART_SetErrorHandler                text12       00527
__end_of_EUSART_SetFramingErrorHandler         text11       00521
__end_of_EUSART_SetOverrunErrorHandler         text10       0051B
__end_of_EUSART_SetRxInterruptHandler          text9        00515
__end_of_EUSART_Write                          text26       004EE
__end_of_Get_Voltage                           text25       002FB
__end_of_I2C_Master_Start                      text22       00533
__end_of_I2C_Master_Stop                       text21       0052D
__end_of_I2C_Master_Wait                       text23       004CD
__end_of_I2C_Master_Write                      text20       004A9
__end_of_INTERRUPT_InterruptManager            intentry     00027
__end_of_IO_Expander_Write                     text19       00499
__end_of_LCD_CMD                               text17       00473
__end_of_LCD_Init                              text16       00272
__end_of_LCD_Set_Cursor                        text15       003CC
__end_of_LCD_Write_4Bit                        text18       00446
__end_of_LCD_Write_Char                        text14       0045D
__end_of_LCD_Write_String                      text13       00414
__end_of_OSCILLATOR_Initialize                 text7        00500
__end_of_PIN_MANAGER_Initialize                text6        00334
__end_of_PMD_Initialize                        text5        00508
__end_of_SYSTEM_Initialize                     text2        00486
__end_of_Sort                                  text29       00208
__end_of_TMR0_Initialize                       text4        004C1
__end_of_TMR0_ReadTimer                        text1        0050F
__end_of__initialization                       cinit        00069
__end_of_main                                  maintext     0019D
__end_of_master_init                           text3        004E4
__initialization                               cinit        00029
__pbssBANK0                                    bssBANK0     0005A
__pbssBANK1                                    bssBANK1     000A0
__pbssBANK2                                    bssBANK2     00120
__pbssBIGRAM                                   (abs)        0217C
__pbssCOMMON                                   bssCOMMON    00078
__pcstackBANK0                                 cstackBANK0  00020
__pcstackCOMMON                                cstackCOMMON 00070
__pdataBANK0                                   dataBANK0    00049
__pidataBANK0                                  idataBANK0   004EE
__pintentry                                    intentry     00004
__pmaintext                                    maintext     0006D
__pnvBANK0                                     nvBANK0      00052
__ptext1                                       text1        00508
__ptext10                                      text10       00515
__ptext11                                      text11       0051B
__ptext12                                      text12       00521
__ptext13                                      text13       003F5
__ptext14                                      text14       00446
__ptext15                                      text15       0039D
__ptext16                                      text16       00208
__ptext17                                      text17       0045D
__ptext18                                      text18       0042E
__ptext19                                      text19       00486
__ptext2                                       text2        00473
__ptext20                                      text20       00499
__ptext21                                      text21       00527
__ptext22                                      text22       0052D
__ptext23                                      text23       004C1
__ptext24                                      text24       004CD
__ptext25                                      text25       002B8
__ptext26                                      text26       004E4
__ptext27                                      text27       003CC
__ptext28                                      text28       00272
__ptext29                                      text29       0019D
__ptext3                                       text3        004D9
__ptext31                                      text31       00334
__ptext32                                      text32       00533
__ptext33                                      text33       0053B
__ptext34                                      text34       00537
__ptext35                                      text35       00414
__ptext4                                       text4        004B5
__ptext5                                       text5        00500
__ptext6                                       text6        002FB
__ptext7                                       text7        004F7
__ptext8                                       text8        0036D
__ptext9                                       text9        0050F
__size_of_BadBetteryFilter                     (abs)        00000
__size_of_Delay                                (abs)        00000
__size_of_EUSART_DefaultErrorHandler           (abs)        00000
__size_of_EUSART_DefaultFramingErrorHandler    (abs)        00000
__size_of_EUSART_DefaultOverrunErrorHandler    (abs)        00000
__size_of_EUSART_Initialize                    (abs)        00000
__size_of_EUSART_Read                          (abs)        00000
__size_of_EUSART_Receive_ISR                   (abs)        00000
__size_of_EUSART_RxDataHandler                 (abs)        00000
__size_of_EUSART_SetErrorHandler               (abs)        00000
__size_of_EUSART_SetFramingErrorHandler        (abs)        00000
__size_of_EUSART_SetOverrunErrorHandler        (abs)        00000
__size_of_EUSART_SetRxInterruptHandler         (abs)        00000
__size_of_EUSART_Write                         (abs)        00000
__size_of_Get_Voltage                          (abs)        00000
__size_of_I2C_Master_Start                     (abs)        00000
__size_of_I2C_Master_Stop                      (abs)        00000
__size_of_I2C_Master_Wait                      (abs)        00000
__size_of_I2C_Master_Write                     (abs)        00000
__size_of_INTERRUPT_InterruptManager           (abs)        00000
__size_of_IO_Expander_Write                    (abs)        00000
__size_of_LCD_CMD                              (abs)        00000
__size_of_LCD_Init                             (abs)        00000
__size_of_LCD_Set_Cursor                       (abs)        00000
__size_of_LCD_Write_4Bit                       (abs)        00000
__size_of_LCD_Write_Char                       (abs)        00000
__size_of_LCD_Write_String                     (abs)        00000
__size_of_OSCILLATOR_Initialize                (abs)        00000
__size_of_PIN_MANAGER_Initialize               (abs)        00000
__size_of_PMD_Initialize                       (abs)        00000
__size_of_SYSTEM_Initialize                    (abs)        00000
__size_of_Sort                                 (abs)        00000
__size_of_TMR0_Initialize                      (abs)        00000
__size_of_TMR0_ReadTimer                       (abs)        00000
__size_of_main                                 (abs)        00000
__size_of_master_init                          (abs)        00000
_badBettery                                    bssBANK2     00147
_ch                                            bssBANK0     0005E
_eusartRxBuffer                                bssBANK2     00120
_eusartRxCount                                 bssCOMMON    00078
_eusartRxHead                                  bssCOMMON    0007A
_eusartRxLastError                             bssBANK0     0005F
_eusartRxStatusBuffer                          bssBANK1     000A0
_eusartRxTail                                  bssCOMMON    00079
_i                                             bssBANK0     0005A
_i2c_add                                       bssBANK0     0005C
_main                                          maintext     0006D
_master_init                                   text3        004D9
btemp                                          (abs)        0007E
clear_ram0                                     clrtext      004A9
end_of_initialization                          cinit        00069
int$flags                                      (abs)        0007E
intlevel0                                      functab      00000
intlevel1                                      functab      00000
intlevel2                                      functab      00000
intlevel3                                      functab      00000
intlevel4                                      functab      00000
intlevel5                                      functab      00000
main@F12101                                    dataBANK0    00049
main@H_L_counter                               cstackBANK0  00045
main@i                                         cstackBANK0  00043
main@index                                     cstackBANK0  00041
main@j                                         cstackBANK0  00047
main@out                                       cstackBANK0  00037
reset_vec                                      reset_vec    00000
start                                          init         00027
start_initialization                           cinit        00029
wtemp0                                         (abs)        0007E


FUNCTION INFORMATION:

 *************** function _main *****************
 Defined at:
		line 49 in file "main.c"
 Parameters:    Size  Location     Type
		None
 Auto vars:     Size  Location     Type
  index           2   33[BANK0 ] PTR unsigned int 
		 -> Coulomb_Data.ID(2), Coulomb_Data(116), 
  out             8   23[BANK0 ] unsigned char [8]
  j               2   39[BANK0 ] int 
  H_L_counter     2   37[BANK0 ] int 
  i               2   35[BANK0 ] int 
  a               2    0        int 
 Return value:  Size  Location     Type
                  1    wreg      void 
 Registers used:
		wreg, fsr0l, fsr0h, fsr1l, fsr1h, status,2, status,0, pclath, cstack
 Tracked objects:
		On entry : 
		On exit  : 
		Unchanged: 
 Data sizes:     COMMON   BANK0   BANK1   BANK2   BANK3   BANK4   BANK5   BANK6
      Params:         0       0       0       0       0       0       0       0
      Locals:         0      18       0       0       0       0       0       0
      Temps:          0       6       0       0       0       0       0       0
      Totals:         0      24       0       0       0       0       0       0
Total ram usage:       24 bytes
 Hardware stack levels required when called:   10
 This function calls:
		_BadBetteryFilter
		_EUSART_Read
		_EUSART_Write
		_Get_Voltage
		_LCD_Init
		_LCD_Set_Cursor
		_LCD_Write_String
		_SYSTEM_Initialize
		_TMR0_ReadTimer
 This function is called by:
		Startup code after reset
 This function uses a non-reentrant model


 *************** function _TMR0_ReadTimer *****************
 Defined at:
		line 92 in file "mcc_generated_files/tmr0.c"
 Parameters:    Size  Location     Type
		None
 Auto vars:     Size  Location     Type
  readVal         1    4[COMMON] unsigned char 
 Return value:  Size  Location     Type
                  1    wreg      unsigned char 
 Registers used:
		wreg
 Tracked objects:
		On entry : 
		On exit  : 
		Unchanged: 
 Data sizes:     COMMON   BANK0   BANK1   BANK2   BANK3   BANK4   BANK5   BANK6
      Params:         0       0       0       0       0       0       0       0
      Locals:         1       0       0       0       0       0       0       0
      Temps:          1       0       0       0       0       0       0       0
      Totals:         2       0       0       0       0       0       0       0
Total ram usage:        2 bytes
 Hardware stack levels used:    1
 Hardware stack levels required when called:    4
 This function calls:
		Nothing
 This function is called by:
		_main
 This function uses a non-reentrant model


 *************** function _SYSTEM_Initialize *****************
 Defined at:
		line 5 in file "mcc_generated_files/mcc.c"
 Parameters:    Size  Location     Type
		None
 Auto vars:     Size  Location     Type
		None
 Return value:  Size  Location     Type
                  1    wreg      void 
 Registers used:
		wreg, status,2, status,0, pclath, cstack
 Tracked objects:
		On entry : 
		On exit  : 
		Unchanged: 
 Data sizes:     COMMON   BANK0   BANK1   BANK2   BANK3   BANK4   BANK5   BANK6
      Params:         0       0       0       0       0       0       0       0
      Locals:         0       0       0       0       0       0       0       0
      Temps:          0       0       0       0       0       0       0       0
      Totals:         0       0       0       0       0       0       0       0
Total ram usage:        0 bytes
 Hardware stack levels used:    1
 Hardware stack levels required when called:    6
 This function calls:
		_EUSART_Initialize
		_OSCILLATOR_Initialize
		_PIN_MANAGER_Initialize
		_PMD_Initialize
		_TMR0_Initialize
		_master_init
 This function is called by:
		_main
 This function uses a non-reentrant model


 *************** function _master_init *****************
 Defined at:
		line 44 in file "mcc_generated_files/mcc.c"
 Parameters:    Size  Location     Type
		None
 Auto vars:     Size  Location     Type
		None
 Return value:  Size  Location     Type
                  1    wreg      void 
 Registers used:
		wreg, status,2
 Tracked objects:
		On entry : 
		On exit  : 
		Unchanged: 
 Data sizes:     COMMON   BANK0   BANK1   BANK2   BANK3   BANK4   BANK5   BANK6
      Params:         0       0       0       0       0       0       0       0
      Locals:         0       0       0       0       0       0       0       0
      Temps:          0       0       0       0       0       0       0       0
      Totals:         0       0       0       0       0       0       0       0
Total ram usage:        0 bytes
 Hardware stack levels used:    1
 Hardware stack levels required when called:    4
 This function calls:
		Nothing
 This function is called by:
		_SYSTEM_Initialize
 This function uses a non-reentrant model


 *************** function _TMR0_Initialize *****************
 Defined at:
		line 60 in file "mcc_generated_files/tmr0.c"
 Parameters:    Size  Location     Type
		None
 Auto vars:     Size  Location     Type
		None
 Return value:  Size  Location     Type
                  1    wreg      void 
 Registers used:
		wreg, status,2
 Tracked objects:
		On entry : 
		On exit  : 
		Unchanged: 
 Data sizes:     COMMON   BANK0   BANK1   BANK2   BANK3   BANK4   BANK5   BANK6
      Params:         0       0       0       0       0       0       0       0
      Locals:         0       0       0       0       0       0       0       0
      Temps:          0       0       0       0       0       0       0       0
      Totals:         0       0       0       0       0       0       0       0
Total ram usage:        0 bytes
 Hardware stack levels used:    1
 Hardware stack levels required when called:    4
 This function calls:
		Nothing
 This function is called by:
		_SYSTEM_Initialize
 This function uses a non-reentrant model


 *************** function _PMD_Initialize *****************
 Defined at:
		line 29 in file "mcc_generated_files/mcc.c"
 Parameters:    Size  Location     Type
		None
 Auto vars:     Size  Location     Type
		None
 Return value:  Size  Location     Type
                  1    wreg      void 
 Registers used:
		status,2
 Tracked objects:
		On entry : 
		On exit  : 
		Unchanged: 
 Data sizes:     COMMON   BANK0   BANK1   BANK2   BANK3   BANK4   BANK5   BANK6
      Params:         0       0       0       0       0       0       0       0
      Locals:         0       0       0       0       0       0       0       0
      Temps:          0       0       0       0       0       0       0       0
      Totals:         0       0       0       0       0       0       0       0
Total ram usage:        0 bytes
 Hardware stack levels used:    1
 Hardware stack levels required when called:    4
 This function calls:
		Nothing
 This function is called by:
		_SYSTEM_Initialize
 This function uses a non-reentrant model


 *************** function _PIN_MANAGER_Initialize *****************
 Defined at:
		line 2 in file "mcc_generated_files/pin_manager.c"
 Parameters:    Size  Location     Type
		None
 Auto vars:     Size  Location     Type
		None
 Return value:  Size  Location     Type
                  1    wreg      void 
 Registers used:
		wreg, status,2
 Tracked objects:
		On entry : 
		On exit  : 
		Unchanged: 
 Data sizes:     COMMON   BANK0   BANK1   BANK2   BANK3   BANK4   BANK5   BANK6
      Params:         0       0       0       0       0       0       0       0
      Locals:         0       0       0       0       0       0       0       0
      Temps:          0       0       0       0       0       0       0       0
      Totals:         0       0       0       0       0       0       0       0
Total ram usage:        0 bytes
 Hardware stack levels used:    1
 Hardware stack levels required when called:    4
 This function calls:
		Nothing
 This function is called by:
		_SYSTEM_Initialize
 This function uses a non-reentrant model


 *************** function _OSCILLATOR_Initialize *****************
 Defined at:
		line 15 in file "mcc_generated_files/mcc.c"
 Parameters:    Size  Location     Type
		None
 Auto vars:     Size  Location     Type
		None
 Return value:  Size  Location     Type
                  1    wreg      void 
 Registers used:
		wreg, status,2
 Tracked objects:
		On entry : 
		On exit  : 
		Unchanged: 
 Data sizes:     COMMON   BANK0   BANK1   BANK2   BANK3   BANK4   BANK5   BANK6
      Params:         0       0       0       0       0       0       0       0
      Locals:         0       0       0       0       0       0       0       0
      Temps:          0       0       0       0       0       0       0       0
      Totals:         0       0       0       0       0       0       0       0
Total ram usage:        0 bytes
 Hardware stack levels used:    1
 Hardware stack levels required when called:    4
 This function calls:
		Nothing
 This function is called by:
		_SYSTEM_Initialize
 This function uses a non-reentrant model


 *************** function _EUSART_Initialize *****************
 Defined at:
		line 29 in file "mcc_generated_files/eusart.c"
 Parameters:    Size  Location     Type
		None
 Auto vars:     Size  Location     Type
		None
 Return value:  Size  Location     Type
                  1    wreg      void 
 Registers used:
		wreg, status,2, status,0, pclath, cstack
 Tracked objects:
		On entry : 
		On exit  : 
		Unchanged: 
 Data sizes:     COMMON   BANK0   BANK1   BANK2   BANK3   BANK4   BANK5   BANK6
      Params:         0       0       0       0       0       0       0       0
      Locals:         0       0       0       0       0       0       0       0
      Temps:          0       0       0       0       0       0       0       0
      Totals:         0       0       0       0       0       0       0       0
Total ram usage:        0 bytes
 Hardware stack levels used:    1
 Hardware stack levels required when called:    5
 This function calls:
		_EUSART_SetErrorHandler
		_EUSART_SetFramingErrorHandler
		_EUSART_SetOverrunErrorHandler
		_EUSART_SetRxInterruptHandler
 This function is called by:
		_SYSTEM_Initialize
 This function uses a non-reentrant model


 *************** function _EUSART_SetRxInterruptHandler *****************
 Defined at:
		line 191 in file "mcc_generated_files/eusart.c"
 Parameters:    Size  Location     Type
  interruptHan    2    3[COMMON] PTR FTN()void 
		 -> EUSART_Receive_ISR(1), 
 Auto vars:     Size  Location     Type
		None
 Return value:  Size  Location     Type
                  1    wreg      void 
 Registers used:
		wreg
 Tracked objects:
		On entry : 
		On exit  : 
		Unchanged: 
 Data sizes:     COMMON   BANK0   BANK1   BANK2   BANK3   BANK4   BANK5   BANK6
      Params:         2       0       0       0       0       0       0       0
      Locals:         0       0       0       0       0       0       0       0
      Temps:          0       0       0       0       0       0       0       0
      Totals:         2       0       0       0       0       0       0       0
Total ram usage:        2 bytes
 Hardware stack levels used:    1
 Hardware stack levels required when called:    4
 This function calls:
		Nothing
 This function is called by:
		_EUSART_Initialize
 This function uses a non-reentrant model


 *************** function _EUSART_SetOverrunErrorHandler *****************
 Defined at:
		line 182 in file "mcc_generated_files/eusart.c"
 Parameters:    Size  Location     Type
  interruptHan    2    3[COMMON] PTR FTN()void 
		 -> EUSART_DefaultOverrunErrorHandler(1), 
 Auto vars:     Size  Location     Type
		None
 Return value:  Size  Location     Type
                  1    wreg      void 
 Registers used:
		wreg
 Tracked objects:
		On entry : 
		On exit  : 
		Unchanged: 
 Data sizes:     COMMON   BANK0   BANK1   BANK2   BANK3   BANK4   BANK5   BANK6
      Params:         2       0       0       0       0       0       0       0
      Locals:         0       0       0       0       0       0       0       0
      Temps:          0       0       0       0       0       0       0       0
      Totals:         2       0       0       0       0       0       0       0
Total ram usage:        2 bytes
 Hardware stack levels used:    1
 Hardware stack levels required when called:    4
 This function calls:
		Nothing
 This function is called by:
		_EUSART_Initialize
 This function uses a non-reentrant model


 *************** function _EUSART_SetFramingErrorHandler *****************
 Defined at:
		line 178 in file "mcc_generated_files/eusart.c"
 Parameters:    Size  Location     Type
  interruptHan    2    3[COMMON] PTR FTN()void 
		 -> EUSART_DefaultFramingErrorHandler(1), 
 Auto vars:     Size  Location     Type
		None
 Return value:  Size  Location     Type
                  1    wreg      void 
 Registers used:
		wreg
 Tracked objects:
		On entry : 
		On exit  : 
		Unchanged: 
 Data sizes:     COMMON   BANK0   BANK1   BANK2   BANK3   BANK4   BANK5   BANK6
      Params:         2       0       0       0       0       0       0       0
      Locals:         0       0       0       0       0       0       0       0
      Temps:          0       0       0       0       0       0       0       0
      Totals:         2       0       0       0       0       0       0       0
Total ram usage:        2 bytes
 Hardware stack levels used:    1
 Hardware stack levels required when called:    4
 This function calls:
		Nothing
 This function is called by:
		_EUSART_Initialize
 This function uses a non-reentrant model


 *************** function _EUSART_SetErrorHandler *****************
 Defined at:
		line 186 in file "mcc_generated_files/eusart.c"
 Parameters:    Size  Location     Type
  interruptHan    2    3[COMMON] PTR FTN()void 
		 -> EUSART_DefaultErrorHandler(1), 
 Auto vars:     Size  Location     Type
		None
 Return value:  Size  Location     Type
                  1    wreg      void 
 Registers used:
		wreg
 Tracked objects:
		On entry : 
		On exit  : 
		Unchanged: 
 Data sizes:     COMMON   BANK0   BANK1   BANK2   BANK3   BANK4   BANK5   BANK6
      Params:         2       0       0       0       0       0       0       0
      Locals:         0       0       0       0       0       0       0       0
      Temps:          0       0       0       0       0       0       0       0
      Totals:         2       0       0       0       0       0       0       0
Total ram usage:        2 bytes
 Hardware stack levels used:    1
 Hardware stack levels required when called:    4
 This function calls:
		Nothing
 This function is called by:
		_EUSART_Initialize
 This function uses a non-reentrant model


 *************** function _LCD_Write_String *****************
 Defined at:
		line 106 in file "I2C_LCD.c"
 Parameters:    Size  Location     Type
  Str             2    1[BANK0 ] PTR unsigned char 
		 -> RAM(4096), 
 Auto vars:     Size  Location     Type
  i               2    3[BANK0 ] int 
 Return value:  Size  Location     Type
                  1    wreg      void 
 Registers used:
		wreg, fsr1l, fsr1h, status,2, status,0, pclath, cstack
 Tracked objects:
		On entry : 
		On exit  : 
		Unchanged: 
 Data sizes:     COMMON   BANK0   BANK1   BANK2   BANK3   BANK4   BANK5   BANK6
      Params:         0       2       0       0       0       0       0       0
      Locals:         0       2       0       0       0       0       0       0
      Temps:          0       0       0       0       0       0       0       0
      Totals:         0       4       0       0       0       0       0       0
Total ram usage:        4 bytes
 Hardware stack levels used:    1
 Hardware stack levels required when called:    9
 This function calls:
		_LCD_Write_Char
 This function is called by:
		_main
 This function uses a non-reentrant model


 *************** function _LCD_Write_Char *****************
 Defined at:
		line 100 in file "I2C_LCD.c"
 Parameters:    Size  Location     Type
  Data            1    wreg     unsigned char 
 Auto vars:     Size  Location     Type
  Data            1    0[BANK0 ] unsigned char 
 Return value:  Size  Location     Type
                  1    wreg      void 
 Registers used:
		wreg, status,2, status,0, pclath, cstack
 Tracked objects:
		On entry : 
		On exit  : 
		Unchanged: 
 Data sizes:     COMMON   BANK0   BANK1   BANK2   BANK3   BANK4   BANK5   BANK6
      Params:         0       0       0       0       0       0       0       0
      Locals:         0       1       0       0       0       0       0       0
      Temps:          1       0       0       0       0       0       0       0
      Totals:         1       1       0       0       0       0       0       0
Total ram usage:        2 bytes
 Hardware stack levels used:    1
 Hardware stack levels required when called:    8
 This function calls:
		_LCD_Write_4Bit
 This function is called by:
		_LCD_Write_String
 This function uses a non-reentrant model


 *************** function _LCD_Set_Cursor *****************
 Defined at:
		line 111 in file "I2C_LCD.c"
 Parameters:    Size  Location     Type
  ROW             1    wreg     unsigned char 
  COL             1    1[BANK0 ] unsigned char 
 Auto vars:     Size  Location     Type
  ROW             1    4[BANK0 ] unsigned char 
 Return value:  Size  Location     Type
                  1    wreg      void 
 Registers used:
		wreg, fsr0l, fsr0h, status,2, status,0, pclath, cstack
 Tracked objects:
		On entry : 
		On exit  : 
		Unchanged: 
 Data sizes:     COMMON   BANK0   BANK1   BANK2   BANK3   BANK4   BANK5   BANK6
      Params:         0       1       0       0       0       0       0       0
      Locals:         0       1       0       0       0       0       0       0
      Temps:          0       2       0       0       0       0       0       0
      Totals:         0       4       0       0       0       0       0       0
Total ram usage:        4 bytes
 Hardware stack levels used:    1
 Hardware stack levels required when called:    9
 This function calls:
		_LCD_CMD
 This function is called by:
		_main
 This function uses a non-reentrant model


 *************** function _LCD_Init *****************
 Defined at:
		line 57 in file "I2C_LCD.c"
 Parameters:    Size  Location     Type
  I2C_Add         1    wreg     unsigned char 
 Auto vars:     Size  Location     Type
  I2C_Add         1    2[BANK0 ] unsigned char 
 Return value:  Size  Location     Type
                  1    wreg      void 
 Registers used:
		wreg, status,2, status,0, pclath, cstack
 Tracked objects:
		On entry : 
		On exit  : 
		Unchanged: 
 Data sizes:     COMMON   BANK0   BANK1   BANK2   BANK3   BANK4   BANK5   BANK6
      Params:         0       0       0       0       0       0       0       0
      Locals:         0       1       0       0       0       0       0       0
      Temps:          0       1       0       0       0       0       0       0
      Totals:         0       2       0       0       0       0       0       0
Total ram usage:        2 bytes
 Hardware stack levels used:    1
 Hardware stack levels required when called:    9
 This function calls:
		_Delay
		_IO_Expander_Write
		_LCD_CMD
 This function is called by:
		_main
 This function uses a non-reentrant model


 *************** function _LCD_CMD *****************
 Defined at:
		line 94 in file "I2C_LCD.c"
 Parameters:    Size  Location     Type
  CMD             1    wreg     unsigned char 
 Auto vars:     Size  Location     Type
  CMD             1    0[BANK0 ] unsigned char 
 Return value:  Size  Location     Type
                  1    wreg      void 
 Registers used:
		wreg, status,2, status,0, pclath, cstack
 Tracked objects:
		On entry : 
		On exit  : 
		Unchanged: 
 Data sizes:     COMMON   BANK0   BANK1   BANK2   BANK3   BANK4   BANK5   BANK6
      Params:         0       0       0       0       0       0       0       0
      Locals:         0       1       0       0       0       0       0       0
      Temps:          1       0       0       0       0       0       0       0
      Totals:         1       1       0       0       0       0       0       0
Total ram usage:        2 bytes
 Hardware stack levels used:    1
 Hardware stack levels required when called:    8
 This function calls:
		_LCD_Write_4Bit
 This function is called by:
		_LCD_Init
		_LCD_Set_Cursor
		_LCD_SL
		_LCD_SR
		_LCD_Clear
 This function uses a non-reentrant model


 *************** function _LCD_Write_4Bit *****************
 Defined at:
		line 86 in file "I2C_LCD.c"
 Parameters:    Size  Location     Type
  Nibble          1    wreg     unsigned char 
 Auto vars:     Size  Location     Type
  Nibble          1    6[COMMON] unsigned char 
 Return value:  Size  Location     Type
                  1    wreg      void 
 Registers used:
		wreg, status,2, status,0, pclath, cstack
 Tracked objects:
		On entry : 
		On exit  : 
		Unchanged: 
 Data sizes:     COMMON   BANK0   BANK1   BANK2   BANK3   BANK4   BANK5   BANK6
      Params:         0       0       0       0       0       0       0       0
      Locals:         1       0       0       0       0       0       0       0
      Temps:          1       0       0       0       0       0       0       0
      Totals:         2       0       0       0       0       0       0       0
Total ram usage:        2 bytes
 Hardware stack levels used:    1
 Hardware stack levels required when called:    7
 This function calls:
		_Delay
		_IO_Expander_Write
 This function is called by:
		_LCD_CMD
		_LCD_Write_Char
 This function uses a non-reentrant model


 *************** function _IO_Expander_Write *****************
 Defined at:
		line 79 in file "I2C_LCD.c"
 Parameters:    Size  Location     Type
  Data            1    wreg     unsigned char 
 Auto vars:     Size  Location     Type
  Data            1    4[COMMON] unsigned char 
 Return value:  Size  Location     Type
                  1    wreg      void 
 Registers used:
		wreg, status,2, status,0, pclath, cstack
 Tracked objects:
		On entry : 
		On exit  : 
		Unchanged: 
 Data sizes:     COMMON   BANK0   BANK1   BANK2   BANK3   BANK4   BANK5   BANK6
      Params:         0       0       0       0       0       0       0       0
      Locals:         1       0       0       0       0       0       0       0
      Temps:          0       0       0       0       0       0       0       0
      Totals:         1       0       0       0       0       0       0       0
Total ram usage:        1 bytes
 Hardware stack levels used:    1
 Hardware stack levels required when called:    6
 This function calls:
		_I2C_Master_Start
		_I2C_Master_Stop
		_I2C_Master_Write
 This function is called by:
		_LCD_Init
		_LCD_Write_4Bit
		_Backlight
		_noBacklight
 This function uses a non-reentrant model


 *************** function _I2C_Master_Write *****************
 Defined at:
		line 37 in file "I2C_LCD.c"
 Parameters:    Size  Location     Type
  data            1    wreg     unsigned char 
 Auto vars:     Size  Location     Type
  data            1    3[COMMON] unsigned char 
 Return value:  Size  Location     Type
                  1    wreg      unsigned char 
 Registers used:
		wreg, status,2, status,0, pclath, cstack
 Tracked objects:
		On entry : 
		On exit  : 
		Unchanged: 
 Data sizes:     COMMON   BANK0   BANK1   BANK2   BANK3   BANK4   BANK5   BANK6
      Params:         0       0       0       0       0       0       0       0
      Locals:         1       0       0       0       0       0       0       0
      Temps:          0       0       0       0       0       0       0       0
      Totals:         1       0       0       0       0       0       0       0
Total ram usage:        1 bytes
 Hardware stack levels used:    1
 Hardware stack levels required when called:    5
 This function calls:
		_I2C_Master_Wait
 This function is called by:
		_IO_Expander_Write
 This function uses a non-reentrant model


 *************** function _I2C_Master_Stop *****************
 Defined at:
		line 20 in file "I2C_LCD.c"
 Parameters:    Size  Location     Type
		None
 Auto vars:     Size  Location     Type
		None
 Return value:  Size  Location     Type
                  1    wreg      void 
 Registers used:
		wreg, status,2, status,0, pclath, cstack
 Tracked objects:
		On entry : 
		On exit  : 
		Unchanged: 
 Data sizes:     COMMON   BANK0   BANK1   BANK2   BANK3   BANK4   BANK5   BANK6
      Params:         0       0       0       0       0       0       0       0
      Locals:         0       0       0       0       0       0       0       0
      Temps:          0       0       0       0       0       0       0       0
      Totals:         0       0       0       0       0       0       0       0
Total ram usage:        0 bytes
 Hardware stack levels used:    1
 Hardware stack levels required when called:    5
 This function calls:
		_I2C_Master_Wait
 This function is called by:
		_IO_Expander_Write
 This function uses a non-reentrant model


 *************** function _I2C_Master_Start *****************
 Defined at:
		line 10 in file "I2C_LCD.c"
 Parameters:    Size  Location     Type
		None
 Auto vars:     Size  Location     Type
		None
 Return value:  Size  Location     Type
                  1    wreg      void 
 Registers used:
		wreg, status,2, status,0, pclath, cstack
 Tracked objects:
		On entry : 
		On exit  : 
		Unchanged: 
 Data sizes:     COMMON   BANK0   BANK1   BANK2   BANK3   BANK4   BANK5   BANK6
      Params:         0       0       0       0       0       0       0       0
      Locals:         0       0       0       0       0       0       0       0
      Temps:          0       0       0       0       0       0       0       0
      Totals:         0       0       0       0       0       0       0       0
Total ram usage:        0 bytes
 Hardware stack levels used:    1
 Hardware stack levels required when called:    5
 This function calls:
		_I2C_Master_Wait
 This function is called by:
		_IO_Expander_Write
 This function uses a non-reentrant model


 *************** function _I2C_Master_Wait *****************
 Defined at:
		line 6 in file "I2C_LCD.c"
 Parameters:    Size  Location     Type
		None
 Auto vars:     Size  Location     Type
		None
 Return value:  Size  Location     Type
                  1    wreg      void 
 Registers used:
		wreg, status,2
 Tracked objects:
		On entry : 
		On exit  : 
		Unchanged: 
 Data sizes:     COMMON   BANK0   BANK1   BANK2   BANK3   BANK4   BANK5   BANK6
      Params:         0       0       0       0       0       0       0       0
      Locals:         0       0       0       0       0       0       0       0
      Temps:          0       0       0       0       0       0       0       0
      Totals:         0       0       0       0       0       0       0       0
Total ram usage:        0 bytes
 Hardware stack levels used:    1
 Hardware stack levels required when called:    4
 This function calls:
		Nothing
 This function is called by:
		_I2C_Master_Start
		_I2C_Master_Stop
		_I2C_Master_Write
		_I2C_Master_RepeatedStart
		_I2C_ACK
		_I2C_NACK
		_I2C_Read_Byte
 This function uses a non-reentrant model


 *************** function _Delay *****************
 Defined at:
		line 154 in file "I2C_LCD.c"
 Parameters:    Size  Location     Type
  counter         2    3[COMMON] unsigned int 
 Auto vars:     Size  Location     Type
		None
 Return value:  Size  Location     Type
                  1    wreg      void 
 Registers used:
		wreg, status,2, status,0
 Tracked objects:
		On entry : 
		On exit  : 
		Unchanged: 
 Data sizes:     COMMON   BANK0   BANK1   BANK2   BANK3   BANK4   BANK5   BANK6
      Params:         2       0       0       0       0       0       0       0
      Locals:         0       0       0       0       0       0       0       0
      Temps:          0       0       0       0       0       0       0       0
      Totals:         2       0       0       0       0       0       0       0
Total ram usage:        2 bytes
 Hardware stack levels used:    1
 Hardware stack levels required when called:    4
 This function calls:
		Nothing
 This function is called by:
		_LCD_Init
		_LCD_Write_4Bit
		_LCD_SL
		_LCD_SR
		_LCD_Clear
 This function uses a non-reentrant model


 *************** function _Get_Voltage *****************
 Defined at:
		line 96 in file "main.c"
 Parameters:    Size  Location     Type
  k               2    3[COMMON] int 
 Auto vars:     Size  Location     Type
		None
 Return value:  Size  Location     Type
                  1    wreg      void 
 Registers used:
		wreg, fsr0l, fsr0h, fsr1l, fsr1h, status,2, status,0
 Tracked objects:
		On entry : 
		On exit  : 
		Unchanged: 
 Data sizes:     COMMON   BANK0   BANK1   BANK2   BANK3   BANK4   BANK5   BANK6
      Params:         2       0       0       0       0       0       0       0
      Locals:         0       0       0       0       0       0       0       0
      Temps:          0      17       0       0       0       0       0       0
      Totals:         2      17       0       0       0       0       0       0
Total ram usage:       19 bytes
 Hardware stack levels used:    1
 Hardware stack levels required when called:    4
 This function calls:
		Nothing
 This function is called by:
		_main
 This function uses a non-reentrant model


 *************** function _EUSART_Write *****************
 Defined at:
		line 108 in file "mcc_generated_files/eusart.c"
 Parameters:    Size  Location     Type
  txData          1    wreg     unsigned char 
 Auto vars:     Size  Location     Type
  txData          1    3[COMMON] unsigned char 
 Return value:  Size  Location     Type
                  1    wreg      void 
 Registers used:
		wreg
 Tracked objects:
		On entry : 
		On exit  : 
		Unchanged: 
 Data sizes:     COMMON   BANK0   BANK1   BANK2   BANK3   BANK4   BANK5   BANK6
      Params:         0       0       0       0       0       0       0       0
      Locals:         1       0       0       0       0       0       0       0
      Temps:          0       0       0       0       0       0       0       0
      Totals:         1       0       0       0       0       0       0       0
Total ram usage:        1 bytes
 Hardware stack levels used:    1
 Hardware stack levels required when called:    4
 This function calls:
		Nothing
 This function is called by:
		_main
		_putch
 This function uses a non-reentrant model


 *************** function _EUSART_Read *****************
 Defined at:
		line 86 in file "mcc_generated_files/eusart.c"
 Parameters:    Size  Location     Type
		None
 Auto vars:     Size  Location     Type
  readValue       1    4[COMMON] unsigned char 
 Return value:  Size  Location     Type
                  1    wreg      unsigned char 
 Registers used:
		wreg, fsr1l, fsr1h, status,2, status,0
 Tracked objects:
		On entry : 
		On exit  : 
		Unchanged: 
 Data sizes:     COMMON   BANK0   BANK1   BANK2   BANK3   BANK4   BANK5   BANK6
      Params:         0       0       0       0       0       0       0       0
      Locals:         1       0       0       0       0       0       0       0
      Temps:          1       0       0       0       0       0       0       0
      Totals:         2       0       0       0       0       0       0       0
Total ram usage:        2 bytes
 Hardware stack levels used:    1
 Hardware stack levels required when called:    4
 This function calls:
		Nothing
 This function is called by:
		_main
		_getch
 This function uses a non-reentrant model


 *************** function _BadBetteryFilter *****************
 Defined at:
		line 117 in file "main.c"
 Parameters:    Size  Location     Type
		None
 Auto vars:     Size  Location     Type
  k               2   14[BANK0 ] int 
 Return value:  Size  Location     Type
                  1    wreg      void 
 Registers used:
		wreg, fsr0l, fsr0h, fsr1l, fsr1h, status,2, status,0, pclath, cstack
 Tracked objects:
		On entry : 
		On exit  : 
		Unchanged: 
 Data sizes:     COMMON   BANK0   BANK1   BANK2   BANK3   BANK4   BANK5   BANK6
      Params:         0       0       0       0       0       0       0       0
      Locals:         0       2       0       0       0       0       0       0
      Temps:          0       6       0       0       0       0       0       0
      Totals:         0       8       0       0       0       0       0       0
Total ram usage:        8 bytes
 Hardware stack levels used:    1
 Hardware stack levels required when called:    5
 This function calls:
		_Sort
 This function is called by:
		_main
 This function uses a non-reentrant model


 *************** function _Sort *****************
 Defined at:
		line 104 in file "main.c"
 Parameters:    Size  Location     Type
		None
 Auto vars:     Size  Location     Type
  j               2    6[BANK0 ] int 
  i               2    4[BANK0 ] int 
  n               2    0        int 
  tmp             2    0[BANK0 ] int 
 Return value:  Size  Location     Type
                  1    wreg      void 
 Registers used:
		wreg, fsr0l, fsr0h, fsr1l, fsr1h, status,2, status,0
 Tracked objects:
		On entry : 
		On exit  : 
		Unchanged: 
 Data sizes:     COMMON   BANK0   BANK1   BANK2   BANK3   BANK4   BANK5   BANK6
      Params:         0       0       0       0       0       0       0       0
      Locals:         0       8       0       0       0       0       0       0
      Temps:          4       0       0       0       0       0       0       0
      Totals:         4       8       0       0       0       0       0       0
Total ram usage:       12 bytes
 Hardware stack levels used:    1
 Hardware stack levels required when called:    4
 This function calls:
		Nothing
 This function is called by:
		_BadBetteryFilter
 This function uses a non-reentrant model


 *************** function _INTERRUPT_InterruptManager *****************
 Defined at:
		line 56 in file "mcc_generated_files/interrupt_manager.c"
 Parameters:    Size  Location     Type
		None
 Auto vars:     Size  Location     Type
		None
 Return value:  Size  Location     Type
                  1    wreg      void 
 Registers used:
		wreg, fsr1l, fsr1h, status,2, status,0, pclath, cstack
 Tracked objects:
		On entry : 
		On exit  : 
		Unchanged: 
 Data sizes:     COMMON   BANK0   BANK1   BANK2   BANK3   BANK4   BANK5   BANK6
      Params:         0       0       0       0       0       0       0       0
      Locals:         0       0       0       0       0       0       0       0
      Temps:          0       0       0       0       0       0       0       0
      Totals:         0       0       0       0       0       0       0       0
Total ram usage:        0 bytes
 Hardware stack levels used:    1
 Hardware stack levels required when called:    3
 This function calls:
		Absolute function
		_EUSART_Receive_ISR
 This function is called by:
		Interrupt level 1
 This function uses a non-reentrant model


 *************** function _EUSART_Receive_ISR *****************
 Defined at:
		line 128 in file "mcc_generated_files/eusart.c"
 Parameters:    Size  Location     Type
		None
 Auto vars:     Size  Location     Type
		None
 Return value:  Size  Location     Type
                  1    wreg      void 
 Registers used:
		wreg, fsr1l, fsr1h, status,2, status,0, pclath, cstack
 Tracked objects:
		On entry : 
		On exit  : 
		Unchanged: 
 Data sizes:     COMMON   BANK0   BANK1   BANK2   BANK3   BANK4   BANK5   BANK6
      Params:         0       0       0       0       0       0       0       0
      Locals:         0       0       0       0       0       0       0       0
      Temps:          0       0       0       0       0       0       0       0
      Totals:         0       0       0       0       0       0       0       0
Total ram usage:        0 bytes
 Hardware stack levels used:    1
 Hardware stack levels required when called:    2
 This function calls:
		Absolute function
		_EUSART_DefaultErrorHandler
		_EUSART_DefaultFramingErrorHandler
		_EUSART_DefaultOverrunErrorHandler
		_EUSART_RxDataHandler
 This function is called by:
		_EUSART_Initialize
		_INTERRUPT_InterruptManager
 This function uses a non-reentrant model


 *************** function _EUSART_DefaultOverrunErrorHandler *****************
 Defined at:
		line 166 in file "mcc_generated_files/eusart.c"
 Parameters:    Size  Location     Type
		None
 Auto vars:     Size  Location     Type
		None
 Return value:  Size  Location     Type
                  1    wreg      void 
 Registers used:
		None
 Tracked objects:
		On entry : 
		On exit  : 
		Unchanged: 
 Data sizes:     COMMON   BANK0   BANK1   BANK2   BANK3   BANK4   BANK5   BANK6
      Params:         0       0       0       0       0       0       0       0
      Locals:         0       0       0       0       0       0       0       0
      Temps:          0       0       0       0       0       0       0       0
      Totals:         0       0       0       0       0       0       0       0
Total ram usage:        0 bytes
 Hardware stack levels used:    1
 This function calls:
		Nothing
 This function is called by:
		_EUSART_Initialize
		_EUSART_Receive_ISR
 This function uses a non-reentrant model


 *************** function _EUSART_DefaultFramingErrorHandler *****************
 Defined at:
		line 164 in file "mcc_generated_files/eusart.c"
 Parameters:    Size  Location     Type
		None
 Auto vars:     Size  Location     Type
		None
 Return value:  Size  Location     Type
                  1    wreg      void 
 Registers used:
		None
 Tracked objects:
		On entry : 
		On exit  : 
		Unchanged: 
 Data sizes:     COMMON   BANK0   BANK1   BANK2   BANK3   BANK4   BANK5   BANK6
      Params:         0       0       0       0       0       0       0       0
      Locals:         0       0       0       0       0       0       0       0
      Temps:          0       0       0       0       0       0       0       0
      Totals:         0       0       0       0       0       0       0       0
Total ram usage:        0 bytes
 Hardware stack levels used:    1
 This function calls:
		Nothing
 This function is called by:
		_EUSART_Initialize
		_EUSART_Receive_ISR
 This function uses a non-reentrant model


 *************** function _EUSART_DefaultErrorHandler *****************
 Defined at:
		line 174 in file "mcc_generated_files/eusart.c"
 Parameters:    Size  Location     Type
		None
 Auto vars:     Size  Location     Type
		None
 Return value:  Size  Location     Type
                  1    wreg      void 
 Registers used:
		wreg, fsr1l, fsr1h, status,2, status,0, pclath, cstack
 Tracked objects:
		On entry : 
		On exit  : 
		Unchanged: 
 Data sizes:     COMMON   BANK0   BANK1   BANK2   BANK3   BANK4   BANK5   BANK6
      Params:         0       0       0       0       0       0       0       0
      Locals:         0       0       0       0       0       0       0       0
      Temps:          0       0       0       0       0       0       0       0
      Totals:         0       0       0       0       0       0       0       0
Total ram usage:        0 bytes
 Hardware stack levels used:    1
 Hardware stack levels required when called:    1
 This function calls:
		_EUSART_RxDataHandler
 This function is called by:
		_EUSART_Initialize
		_EUSART_Receive_ISR
 This function uses a non-reentrant model


 *************** function _EUSART_RxDataHandler *****************
 Defined at:
		line 152 in file "mcc_generated_files/eusart.c"
 Parameters:    Size  Location     Type
		None
 Auto vars:     Size  Location     Type
  test            2    0        int 
 Return value:  Size  Location     Type
                  1    wreg      void 
 Registers used:
		wreg, fsr1l, fsr1h, status,2, status,0
 Tracked objects:
		On entry : 
		On exit  : 
		Unchanged: 
 Data sizes:     COMMON   BANK0   BANK1   BANK2   BANK3   BANK4   BANK5   BANK6
      Params:         0       0       0       0       0       0       0       0
      Locals:         2       0       0       0       0       0       0       0
      Temps:          1       0       0       0       0       0       0       0
      Totals:         3       0       0       0       0       0       0       0
Total ram usage:        3 bytes
 Hardware stack levels used:    1
 This function calls:
		Nothing
 This function is called by:
		_EUSART_Receive_ISR
		_EUSART_DefaultErrorHandler
 This function uses a non-reentrant model



MODULE INFORMATION

Module		Function		Class		Link	Load	Size
mcc_generated_files/interrupt_manager.c
		_INTERRUPT_InterruptManager		CODE           	0004	0000	36

mcc_generated_files/interrupt_manager.c estimated size: 36

mcc_generated_files/tmr0.c
		_TMR0_ReadTimer		CODE           	0508	0000	8
		_TMR0_Initialize		CODE           	04B5	0000	13

mcc_generated_files/tmr0.c estimated size: 21

mcc_generated_files/pin_manager.c
		_PIN_MANAGER_Initialize		CODE           	02FB	0000	58

mcc_generated_files/pin_manager.c estimated size: 58

shared
		__initialization		CODE           	0029	0000	65

shared estimated size: 65

I2C_LCD.c
		_LCD_Init      		CODE           	0208	0000	107
		_LCD_Write_4Bit		CODE           	042E	0000	25
		_LCD_Write_Char		CODE           	0446	0000	24
		_LCD_CMD       		CODE           	045D	0000	23
		_I2C_Master_Wait		CODE           	04C1	0000	13
		_I2C_Master_Stop		CODE           	0527	0000	7
		_LCD_Set_Cursor		CODE           	039D	0000	48
		_IO_Expander_Write		CODE           	0486	0000	20
		_Delay         		CODE           	04CD	0000	13
		_I2C_Master_Write		CODE           	0499	0000	17
		_I2C_Master_Start		CODE           	052D	0000	7
		_LCD_Write_String		CODE           	03F5	0000	32

I2C_LCD.c estimated size: 336

mcc_generated_files/mcc.c
		_master_init   		CODE           	04D9	0000	12
		_PMD_Initialize		CODE           	0500	0000	9
		_OSCILLATOR_Initialize		CODE           	04F7	0000	10
		_SYSTEM_Initialize		CODE           	0473	0000	20

mcc_generated_files/mcc.c estimated size: 51

mcc_generated_files/eusart.c
		_EUSART_SetRxInterruptHandler		CODE           	050F	0000	7
		_EUSART_Read   		CODE           	03CC	0000	42
		_EUSART_DefaultOverrunErrorHandler		CODE           	0533	0000	5
		_EUSART_Write  		CODE           	04E4	0000	11
		_EUSART_DefaultErrorHandler		CODE           	0537	0000	5
		_EUSART_Initialize		CODE           	036D	0000	49
		_EUSART_SetFramingErrorHandler		CODE           	051B	0000	7
		_EUSART_SetErrorHandler		CODE           	0521	0000	7
		_EUSART_SetOverrunErrorHandler		CODE           	0515	0000	7
		_EUSART_Receive_ISR		CODE           	0334	0000	58
		_EUSART_RxDataHandler		CODE           	0414	0000	27
		_EUSART_DefaultFramingErrorHandler		CODE           	053B	0000	2

mcc_generated_files/eusart.c estimated size: 227

main.c
		_BadBetteryFilter		CODE           	0272	0000	71
		_Sort          		CODE           	019D	0000	108
		_main          		CODE           	006D	0000	305
		_Get_Voltage   		CODE           	02B8	0000	68

main.c estimated size: 552

