Microchip MPLAB XC8 Compiler V2.20

Linker command line:

-W-3 --edf=C:\Program Files\Microchip\xc8\v2.20\pic\dat\en_msgs.txt -cn \
  -h+dist/default/production\modbus_18854_read_voltage.X.production.sym \
  --cmf=dist/default/production\modbus_18854_read_voltage.X.production.cmf \
  -z -Q16F18854 -oC:\Users\linda\AppData\Local\Temp\sto.2 \
  --defsym=__MPLAB_BUILD=1 \
  -Mdist/default/production/modbus_18854_read_voltage.X.production.map -E1 \
  -ver=XC8 Compiler --acfsm=1493 -ASTACK=02172h-0217Bh -pstack=STACK \
  -ACODE=00h-07FFhx2 -ASTRCODE=00h-0FFFh -ASTRING=00h-0FFhx16 \
  -ACONST=00h-0FFhx16 -AENTRY=00h-0FFhx16 -ACOMMON=070h-07Fh \
  -ABANK0=020h-06Fh -ABANK1=0A0h-0EFh -ABANK2=0120h-016Fh \
  -ABANK3=01A0h-01EFh -ABANK4=0220h-026Fh -ABANK5=02A0h-02EFh \
  -ABANK6=0320h-032Fh -ABIGRAM=02000h-021EFh \
  -ARAM=020h-06Fh,0A0h-0EFh,0120h-016Fh,01A0h-01EFh,0220h-026Fh,02A0h-02EFh,0320h-032Fh \
  -AABS1=020h-07Fh,0A0h-0EFh,0120h-016Fh,01A0h-01EFh,0220h-026Fh,02A0h-02EFh,0320h-032Fh \
  -ASFR0=00h-01Fh -ASFR1=080h-09Fh -ASFR2=0100h-011Fh -ASFR3=0180h-019Fh \
  -ASFR4=0200h-021Fh -ASFR5=0280h-029Fh -ASFR6=0300h-031Fh \
  -ASFR7=0380h-03EFh -ASFR8=0400h-046Fh -ASFR9=0480h-04EFh \
  -ASFR10=0500h-056Fh -ASFR11=0580h-05EFh -ASFR12=0600h-066Fh \
  -ASFR13=0680h-06EFh -ASFR14=0700h-076Fh -ASFR15=0780h-07EFh \
  -ASFR16=0800h-086Fh -ASFR17=0880h-08EFh -ASFR18=0900h-096Fh \
  -ASFR19=0980h-09EFh -ASFR20=0A00h-0A6Fh -ASFR21=0A80h-0AEFh \
  -ASFR22=0B00h-0B6Fh -ASFR23=0B80h-0BEFh -ASFR24=0C00h-0C6Fh \
  -ASFR25=0C80h-0CEFh -ASFR26=0D00h-0D6Fh -ASFR27=0D80h-0DEFh \
  -ASFR28=0E00h-0E6Fh -ASFR29=0E80h-0EEFh -ASFR30=0F00h-0F6Fh \
  -ASFR31=0F80h-0FEFh -ACONFIG=08007h-0800Bh -DCONFIG=2 \
  -AIDLOC=08000h-08003h -DIDLOC=2 \
  -preset_vec=00h,intentry=04h,init,end_init -ppowerup=CODE -pcinit=CODE \
  -pfunctab=ENTRY -AEEDATA=00h-0FFh/0F000h -peeprom_data=EEDATA -DEEDATA=2 \
  -DCODE=2 -DSTRCODE=2 -DSTRING=2 -DCONST=2 -DENTRY=2 -k \
  C:\Users\linda\AppData\Local\Temp\sto.o \
  dist/default/production\modbus_18854_read_voltage.X.production.o 

Object code version is 3.11

Machine type is 16F18854



                Name                               Link     Load   Length Selector   Space Scale
C:\Users\linda\AppData\Local\Temp\sto.o
                end_init                             27       27        2        8       0
                reset_vec                             0        0        2        0       0
                config                             8007     8007        5        0       4
dist/default/production\modbus_18854_read_voltage.X.production.o
                cinit                                29       29       58        8       0
                intentry                              4        4       23        8       0
                config                             8007     8007        5        0       4
                text50                              9DD      9DD       1A     13BA       0
                text49                              8C7      8C7        4     118E       0
                text48                                2        2        1        0       0
                text47                              8CB      8CB        4     1196       0
                text46                              BC8      BC8       3D     1790       0
                text44                              DC8      DC8       71     1B90       0
                text43                              CF2      CF2       6B     19E4       0
                text42                              A75      A75       2A     14EA       0
                text41                              C05      C05       3D     180A       0
                text40                              5BD      5BD      133        8       0
                text39                              92E      92E        C     125C       0
                text38                              93A      93A        C     1274       0
                text37                              8CF      8CF        6     119E       0
                text36                              8D5      8D5        6     11AA       0
                text35                              95E      95E       10     12BC       0
                text34                              96E      96E       13     12DC       0
                text33                              994      994       18     1328       0
                text32                              9AC      9AC       18     1358       0
                text31                              946      946        C     128C       0
                text30                              D5D      D5D       6B     1ABA       0
                text29                              ACA      ACA       2F     1594       0
                text28                              9C4      9C4       19     1388       0
                text27                              A2D      A2D       1F     145A       0
                text26                              8DB      8DB        6     11B6       0
                text25                              8E1      8E1        6     11C2       0
                text24                              8E7      8E7        6     11CE       0
                text23                              8ED      8ED        6     11DA       0
                text22                              AF9      AF9       30     15F2       0
                text21                              910      910        9     1220       0
                text20                              B8F      B8F       39     171E       0
                text19                              900      900        8     1200       0
                text18                              952      952        C     12A4       0
                text17                              923      923        B     1246       0
                text16                              981      981       13     1302       0
                text15                              8F9      8F9        7     11F2       0
                text14                              B5A      B5A       35     16B4       0
                text13                              6F0      6F0      104        8       0
                text12                              F16      F16       EA     1E2C       0
                text11                              A11      A11       1C     1422       0
                text10                              919      919        A     1232       0
                text9                               8F3      8F3        6     11E6       0
                text8                               C42      C42       57     1884       0
                text7                               A4C      A4C       29     1498       0
                text6                               9F7      9F7       1A     13EE       0
                text5                               C99      C99       59     1932       0
                text4                               44B      44B      172        8       0
                text3                               E39      E39       DD     1C72       0
                text2                               B29      B29       31     1652       0
                text1                               A9F      A9F       2B     153E       0
                maintext                             81       81      3CA        8       0
                cstackBANK0                          20       20       50       20       1
                cstackCOMMON                         70       70        8       70       1
                cstackBANK1                          C8       C8       28       A0       1
                cstackBANK4                         24F      24F        2      220       1
                clrtext                             7F4      7F4        C        8       0
                dataBANK4                           251      251        1      220       1
                bssBANK4                            220      220       27      220       1
                bssBANK3                            1A0      1A0       50      1A0       1
                dataBANK2                           168      168        8      120       1
                bssBANK2                            120      120       48      120       1
                bssBANK1                             A0       A0       28       A0       1
                bssCOMMON                            78       78        3       70       1
                stringtext7                         80F      80F        2     1000       0
                stringtext6                         80D      80D        2     1000       0
                stringtext5                         80B      80B        2     1000       0
                stringtext4                         809      809        2     1000       0
                stringtext3                         806      806        3     1000       0
                stringtext2                         803      803        3     1000       0
                stringtext1                         800      800        3     1000       0
                nvBANK4                             247      247        8      220       1
                idataBANK4                            3        3        1        6       0
                idataBANK2                          908      908        8     1210       0

TOTAL           Name                               Link     Load   Length     Space
        CLASS   STACK          

        CLASS   CODE           
                end_init                             27       27        2         0
                cinit                                29       29       58         0
                intentry                              4        4       23         0
                reset_vec                             0        0        2         0
                text50                              9DD      9DD       1A         0
                text49                              8C7      8C7        4         0
                text48                                2        2        1         0
                text47                              8CB      8CB        4         0
                text46                              BC8      BC8       3D         0
                text44                              DC8      DC8       71         0
                text43                              CF2      CF2       6B         0
                text42                              A75      A75       2A         0
                text41                              C05      C05       3D         0
                text40                              5BD      5BD      133         0
                text39                              92E      92E        C         0
                text38                              93A      93A        C         0
                text37                              8CF      8CF        6         0
                text36                              8D5      8D5        6         0
                text35                              95E      95E       10         0
                text34                              96E      96E       13         0
                text33                              994      994       18         0
                text32                              9AC      9AC       18         0
                text31                              946      946        C         0
                text30                              D5D      D5D       6B         0
                text29                              ACA      ACA       2F         0
                text28                              9C4      9C4       19         0
                text27                              A2D      A2D       1F         0
                text26                              8DB      8DB        6         0
                text25                              8E1      8E1        6         0
                text24                              8E7      8E7        6         0
                text23                              8ED      8ED        6         0
                text22                              AF9      AF9       30         0
                text21                              910      910        9         0
                text20                              B8F      B8F       39         0
                text19                              900      900        8         0
                text18                              952      952        C         0
                text17                              923      923        B         0
                text16                              981      981       13         0
                text15                              8F9      8F9        7         0
                text14                              B5A      B5A       35         0
                text13                              6F0      6F0      104         0
                text12                              F16      F16       EA         0
                text11                              A11      A11       1C         0
                text10                              919      919        A         0
                text9                               8F3      8F3        6         0
                text8                               C42      C42       57         0
                text7                               A4C      A4C       29         0
                text6                               9F7      9F7       1A         0
                text5                               C99      C99       59         0
                text4                               44B      44B      172         0
                text3                               E39      E39       DD         0
                text2                               B29      B29       31         0
                text1                               A9F      A9F       2B         0
                maintext                             81       81      3CA         0
                clrtext                             7F4      7F4        C         0
                idataBANK4                            3        3        1         0
                idataBANK2                          908      908        8         0

        CLASS   STRCODE        
                stringtext7                         80F      80F        2         0
                stringtext6                         80D      80D        2         0
                stringtext5                         80B      80B        2         0
                stringtext4                         809      809        2         0
                stringtext3                         806      806        3         0
                stringtext2                         803      803        3         0
                stringtext1                         800      800        3         0

        CLASS   STRING         

        CLASS   CONST          

        CLASS   ENTRY          

        CLASS   COMMON         
                cstackCOMMON                         70       70        8         1
                bssCOMMON                            78       78        3         1

        CLASS   BANK0          
                cstackBANK0                          20       20       50         1

        CLASS   BANK1          
                cstackBANK1                          C8       C8       28         1
                bssBANK1                             A0       A0       28         1

        CLASS   BANK2          
                dataBANK2                           168      168        8         1
                bssBANK2                            120      120       48         1

        CLASS   BANK3          
                bssBANK3                            1A0      1A0       50         1

        CLASS   BANK4          
                cstackBANK4                         24F      24F        2         1
                dataBANK4                           251      251        1         1
                bssBANK4                            220      220       27         1
                nvBANK4                             247      247        8         1

        CLASS   BANK5          

        CLASS   BANK6          

        CLASS   BIGRAM         

        CLASS   RAM            

        CLASS   ABS1           
                abs_s1                               7E       7E        2         1
                abs_s1                              25C      25C       14         1
                abs_s1                              2A0      2A0       50         1
                abs_s1                              320      320       10         1
                abs_s1                             217C     217C        0         1

        CLASS   SFR0           

        CLASS   SFR1           

        CLASS   SFR2           

        CLASS   SFR3           

        CLASS   SFR4           

        CLASS   SFR5           

        CLASS   SFR6           

        CLASS   SFR7           

        CLASS   SFR8           

        CLASS   SFR9           

        CLASS   SFR10          

        CLASS   SFR11          

        CLASS   SFR12          

        CLASS   SFR13          

        CLASS   SFR14          

        CLASS   SFR15          

        CLASS   SFR16          

        CLASS   SFR17          

        CLASS   SFR18          

        CLASS   SFR19          

        CLASS   SFR20          

        CLASS   SFR21          

        CLASS   SFR22          

        CLASS   SFR23          

        CLASS   SFR24          

        CLASS   SFR25          

        CLASS   SFR26          

        CLASS   SFR27          

        CLASS   SFR28          

        CLASS   SFR29          

        CLASS   SFR30          

        CLASS   SFR31          

        CLASS   CONFIG         
                config                             8007     8007        5         4

        CLASS   IDLOC          

        CLASS   EEDATA         

        CLASS   BANK31         

        CLASS   BANK30         

        CLASS   BANK29         

        CLASS   BANK28         

        CLASS   BANK27         

        CLASS   BANK26         

        CLASS   BANK25         

        CLASS   BANK24         

        CLASS   BANK23         

        CLASS   BANK22         

        CLASS   BANK21         

        CLASS   BANK20         

        CLASS   BANK19         

        CLASS   BANK18         

        CLASS   BANK17         

        CLASS   BANK16         

        CLASS   BANK15         

        CLASS   BANK14         

        CLASS   BANK13         

        CLASS   BANK12         

        CLASS   BANK11         

        CLASS   BANK10         

        CLASS   BANK9          

        CLASS   BANK8          

        CLASS   BANK7          



SEGMENTS        Name                           Load    Length   Top    Selector   Space  Class     Delta

                reset_vec                      000000  000003  000003         0       0  CODE        2
                idataBANK4                     000003  000001  000004         6       0  CODE        2
                intentry                       000004  0007FC  000800         8       0  CODE        2
                cstackBANK0                    000020  000050  000070        20       1  BANK0       1
                cstackCOMMON                   000070  00000B  00007B        70       1  COMMON      1
                bssBANK1                       0000A0  000050  0000F0        A0       1  BANK1       1
                bssBANK2                       000120  000050  000170       120       1  BANK2       1
                bssBANK3                       0001A0  000050  0001F0       1A0       1  BANK3       1
                bssBANK4                       000220  000032  000252       220       1  BANK4       1
                stringtext1                    000800  000011  000811      1000       0  STRCODE     2
                text49                         0008C7  000004  0008CB      118E       0  CODE        2
                text47                         0008CB  000004  0008CF      1196       0  CODE        2
                text37                         0008CF  000006  0008D5      119E       0  CODE        2
                text36                         0008D5  000006  0008DB      11AA       0  CODE        2
                text26                         0008DB  000006  0008E1      11B6       0  CODE        2
                text25                         0008E1  000006  0008E7      11C2       0  CODE        2
                text24                         0008E7  000006  0008ED      11CE       0  CODE        2
                text23                         0008ED  000006  0008F3      11DA       0  CODE        2
                text9                          0008F3  000006  0008F9      11E6       0  CODE        2
                text15                         0008F9  000007  000900      11F2       0  CODE        2
                text19                         000900  000008  000908      1200       0  CODE        2
                idataBANK2                     000908  000008  000910      1210       0  CODE        2
                text21                         000910  000009  000919      1220       0  CODE        2
                text10                         000919  00000A  000923      1232       0  CODE        2
                text17                         000923  00000B  00092E      1246       0  CODE        2
                text39                         00092E  00000C  00093A      125C       0  CODE        2
                text38                         00093A  00000C  000946      1274       0  CODE        2
                text31                         000946  00000C  000952      128C       0  CODE        2
                text18                         000952  00000C  00095E      12A4       0  CODE        2
                text35                         00095E  000010  00096E      12BC       0  CODE        2
                text34                         00096E  000013  000981      12DC       0  CODE        2
                text16                         000981  000013  000994      1302       0  CODE        2
                text33                         000994  000018  0009AC      1328       0  CODE        2
                text32                         0009AC  000018  0009C4      1358       0  CODE        2
                text28                         0009C4  000019  0009DD      1388       0  CODE        2
                text50                         0009DD  00001A  0009F7      13BA       0  CODE        2
                text6                          0009F7  00001A  000A11      13EE       0  CODE        2
                text11                         000A11  00001C  000A2D      1422       0  CODE        2
                text27                         000A2D  00001F  000A4C      145A       0  CODE        2
                text7                          000A4C  000029  000A75      1498       0  CODE        2
                text42                         000A75  00002A  000A9F      14EA       0  CODE        2
                text1                          000A9F  00002B  000ACA      153E       0  CODE        2
                text29                         000ACA  00002F  000AF9      1594       0  CODE        2
                text22                         000AF9  000030  000B29      15F2       0  CODE        2
                text2                          000B29  000031  000B5A      1652       0  CODE        2
                text14                         000B5A  000035  000B8F      16B4       0  CODE        2
                text20                         000B8F  000039  000BC8      171E       0  CODE        2
                text46                         000BC8  00003D  000C05      1790       0  CODE        2
                text41                         000C05  00003D  000C42      180A       0  CODE        2
                text8                          000C42  000057  000C99      1884       0  CODE        2
                text5                          000C99  000059  000CF2      1932       0  CODE        2
                text43                         000CF2  00006B  000D5D      19E4       0  CODE        2
                text30                         000D5D  00006B  000DC8      1ABA       0  CODE        2
                text44                         000DC8  000071  000E39      1B90       0  CODE        2
                text3                          000E39  0000DD  000F16      1C72       0  CODE        2
                text12                         000F16  0000EA  001000      1E2C       0  CODE        2


UNUSED ADDRESS RANGES

        Name                Unused          Largest block    Delta
        BANK4            00252-0025B               A           1
        BIGRAM           02000-021EF             1F0           1
        CODE             00811-008C6              B6           2
        COMMON           0007B-0007D               3           1
        CONST            00811-008C6              B6           2
        EEDATA           0F000-0F0FF             100           2
        ENTRY            00811-008C6              B6           2
        IDLOC            08000-08003               4           2
        RAM              00252-0025B               A           1
        SFR0             00000-0001F              20           1
        SFR1             00080-0009F              20           1
        SFR10            00500-0056F              70           1
        SFR11            00580-005EF              70           1
        SFR12            00600-0066F              70           1
        SFR13            00680-006EF              70           1
        SFR14            00700-0076F              70           1
        SFR15            00780-007EF              70           1
        SFR16            00800-0086F              70           1
        SFR17            00880-008EF              70           1
        SFR18            00900-0096F              70           1
        SFR19            00980-009EF              70           1
        SFR2             00100-0011F              20           1
        SFR20            00A00-00A6F              70           1
        SFR21            00A80-00AEF              70           1
        SFR22            00B00-00B6F              70           1
        SFR23            00B80-00BEF              70           1
        SFR24            00C00-00C6F              70           1
        SFR25            00C80-00CEF              70           1
        SFR26            00D00-00D6F              70           1
        SFR27            00D80-00DEF              70           1
        SFR28            00E00-00E6F              70           1
        SFR29            00E80-00EEF              70           1
        SFR3             00180-0019F              20           1
        SFR30            00F00-00F6F              70           1
        SFR31            00F80-00FEF              70           1
        SFR4             00200-0021F              20           1
        SFR5             00280-0029F              20           1
        SFR6             00300-0031F              20           1
        SFR7             00380-003EF              70           1
        SFR8             00400-0046F              70           1
        SFR9             00480-004EF              70           1
        STACK            02172-0217B               A           1
        STRCODE          00811-008C6              B6           2
        STRING           00811-008C6              B6           2

                                  Symbol Table

?___aodiv                                      cstackBANK0  00020
?___aomod                                      cstackBANK0  00020
?___lwdiv                                      cstackCOMMON 00073
?___lwmod                                      cstackCOMMON 00073
?_abs                                          cstackCOMMON 00076
?_dtoa                                         cstackBANK0  0003A
?_pad                                          cstackBANK0  0002D
?_sprintf                                      cstackBANK1  000C8
?_strlen                                       cstackCOMMON 00073
?_vfpfcnvrt                                    cstackBANK0  00058
?_vfprintf                                     cstackBANK0  00068
BadBetteryFilter@k                             cstackBANK0  0002E
Delay@counter                                  cstackCOMMON 00073
EUSART_Read@readValue                          cstackCOMMON 00074
EUSART_SetErrorHandler@interruptHandler        cstackCOMMON 00073
EUSART_SetFramingErrorHandler@interruptHandler cstackCOMMON 00073
EUSART_SetOverrunErrorHandler@interruptHandler cstackCOMMON 00073
EUSART_SetRxInterruptHandler@interruptHandler  cstackCOMMON 00073
EUSART_Write@txData                            cstackCOMMON 00073
Get_Voltage@k                                  cstackBANK0  00023
I2C_Master_Write@data                          cstackCOMMON 00073
IO_Expander_Write@Data                         cstackCOMMON 00074
LCD_CMD@CMD                                    cstackBANK0  00020
LCD_Init@I2C_Add                               cstackBANK0  00022
LCD_Set_Cursor@COL                             cstackBANK0  00021
LCD_Set_Cursor@ROW                             cstackBANK0  00024
LCD_Write_4Bit@Nibble                          cstackCOMMON 00076
LCD_Write_Char@Data                            cstackBANK0  00020
LCD_Write_String@Str                           cstackBANK0  00021
LCD_Write_String@i                             cstackBANK0  00024
Sort@i                                         cstackBANK0  00024
Sort@j                                         cstackBANK0  00026
Sort@tmp                                       cstackBANK0  00020
TMR0_ReadTimer@readVal                         cstackCOMMON 00074
_ANSELA                                        (abs)        00F38
_ANSELB                                        (abs)        00F43
_ANSELC                                        (abs)        00F4E
_BAUD1CON                                      (abs)        0011F
_BackLight_State                               dataBANK4    00251
_BadBetteryFilter                              text43       00CF2
_Coulomb_Data                                  (abs)        0217C
_Delay                                         text39       0092E
_EUSART_DefaultErrorHandler                    text49       008C7
_EUSART_DefaultFramingErrorHandler             text48       00002
_EUSART_DefaultOverrunErrorHandler             text47       008CB
_EUSART_ErrorHandler                           nvBANK4      00247
_EUSART_FramingErrorHandler                    nvBANK4      0024B
_EUSART_Initialize                             text22       00AF9
_EUSART_OverrunErrorHandler                    nvBANK4      00249
_EUSART_Read                                   text42       00A75
_EUSART_Receive_ISR                            text46       00BC8
_EUSART_RxDataHandler                          text50       009DD
_EUSART_RxDefaultInterruptHandler              nvBANK4      0024D
_EUSART_SetErrorHandler                        text26       008DB
_EUSART_SetFramingErrorHandler                 text25       008E1
_EUSART_SetOverrunErrorHandler                 text24       008E7
_EUSART_SetRxInterruptHandler                  text23       008ED
_EUSART_Write                                  text10       00919
_Get_Voltage                                   text40       005BD
_I2C_Master_Start                              text37       008CF
_I2C_Master_Stop                               text36       008D5
_I2C_Master_Wait                               text38       0093A
_I2C_Master_Write                              text35       0095E
_INLVLA                                        (abs)        00F3C
_INLVLB                                        (abs)        00F47
_INLVLC                                        (abs)        00F52
_INLVLE                                        (abs)        00F68
_INTCONbits                                    (abs)        0000B
_INTERRUPT_InterruptManager                    intentry     00004
_IO_Expander_Write                             text34       0096E
_LATA                                          (abs)        00016
_LATAbits                                      (abs)        00016
_LATB                                          (abs)        00017
_LATC                                          (abs)        00018
_LCD_CMD                                       text32       009AC
_LCD_Clear                                     text31       00946
_LCD_Init                                      text30       00D5D
_LCD_Set_Cursor                                text29       00ACA
_LCD_Write_4Bit                                text33       00994
_LCD_Write_Char                                text28       009C4
_LCD_Write_String                              text27       00A2D
_ODCONA                                        (abs)        00F3A
_ODCONB                                        (abs)        00F45
_ODCONC                                        (abs)        00F50
_OSCCON1                                       (abs)        0088D
_OSCCON3                                       (abs)        0088F
_OSCEN                                         (abs)        00891
_OSCFRQ                                        (abs)        00893
_OSCILLATOR_Initialize                         text21       00910
_OSCTUNE                                       (abs)        00892
_PIE3bits                                      (abs)        00719
_PIN_MANAGER_Initialize                        text20       00B8F
_PIR0bits                                      (abs)        0070C
_PIR3bits                                      (abs)        0070F
_PMD0                                          (abs)        00796
_PMD1                                          (abs)        00797
_PMD2                                          (abs)        00798
_PMD3                                          (abs)        00799
_PMD4                                          (abs)        0079A
_PMD5                                          (abs)        0079B
_PMD_Initialize                                text19       00900
_PORTA                                         (abs)        0000C
_PORTAbits                                     (abs)        0000C
_RC1REG                                        (abs)        00119
_RC1STA                                        (abs)        0011D
_RC1STAbits                                    (abs)        0011D
_RC3PPS                                        (abs)        00F23
_RC4PPS                                        (abs)        00F24
_RC6PPS                                        (abs)        00F26
_RS                                            bssBANK3     001CE
_RXPPS                                         (abs)        00ECB
_SLRCONA                                       (abs)        00F3B
_SLRCONB                                       (abs)        00F46
_SLRCONC                                       (abs)        00F51
_SP1BRGH                                       (abs)        0011C
_SP1BRGL                                       (abs)        0011B
_SSP1ADD                                       (abs)        0018D
_SSP1BUF                                       (abs)        0018C
_SSP1CLKPPS                                    (abs)        00EC5
_SSP1CON1                                      (abs)        00190
_SSP1CON2                                      (abs)        00191
_SSP1CON2bits                                  (abs)        00191
_SSP1DATPPS                                    (abs)        00EC6
_SSP1MSK                                       (abs)        0018E
_SSP1STAT                                      (abs)        0018F
_SSP1STATbits                                  (abs)        0018F
_SYSTEM_Initialize                             text16       00981
_ShowbadBettery                                bssBANK1     000C4
_Sort                                          text44       00DC8
_T0CON0                                        (abs)        0001E
_T0CON0bits                                    (abs)        0001E
_T0CON1                                        (abs)        0001F
_TMR0H                                         (abs)        0001D
_TMR0L                                         (abs)        0001C
_TMR0_Initialize                               text18       00952
_TMR0_ReadTimer                                text15       008F9
_TRISA                                         (abs)        00011
_TRISB                                         (abs)        00012
_TRISC                                         (abs)        00013
_TX1REG                                        (abs)        0011A
_TX1STA                                        (abs)        0011E
_TX1STAbits                                    (abs)        0011E
_Voltage_sort                                  bssBANK2     00142
_WPUA                                          (abs)        00F39
_WPUB                                          (abs)        00F44
_WPUC                                          (abs)        00F4F
_WPUE                                          (abs)        00F65
__Habs1                                        abs1         00000
__Hbank0                                       bank0        00000
__Hbank1                                       bank1        00000
__Hbank10                                      bank10       00000
__Hbank11                                      bank11       00000
__Hbank12                                      bank12       00000
__Hbank13                                      bank13       00000
__Hbank14                                      bank14       00000
__Hbank15                                      bank15       00000
__Hbank16                                      bank16       00000
__Hbank17                                      bank17       00000
__Hbank18                                      bank18       00000
__Hbank19                                      bank19       00000
__Hbank2                                       bank2        00000
__Hbank20                                      bank20       00000
__Hbank21                                      bank21       00000
__Hbank22                                      bank22       00000
__Hbank23                                      bank23       00000
__Hbank24                                      bank24       00000
__Hbank25                                      bank25       00000
__Hbank26                                      bank26       00000
__Hbank27                                      bank27       00000
__Hbank28                                      bank28       00000
__Hbank29                                      bank29       00000
__Hbank3                                       bank3        00000
__Hbank30                                      bank30       00000
__Hbank31                                      bank31       00000
__Hbank4                                       bank4        00000
__Hbank5                                       bank5        00000
__Hbank6                                       bank6        00000
__Hbank7                                       bank7        00000
__Hbank8                                       bank8        00000
__Hbank9                                       bank9        00000
__Hbigram                                      bigram       00000
__HbssBANK1                                    bssBANK1     00000
__HbssBANK2                                    bssBANK2     00000
__HbssBANK3                                    bssBANK3     00000
__HbssBANK4                                    bssBANK4     00000
__HbssCOMMON                                   bssCOMMON    00000
__Hcinit                                       cinit        00081
__Hclrtext                                     clrtext      00000
__Hcode                                        code         00000
__Hcommon                                      common       00000
__Hconfig                                      config       0800C
__HcstackBANK0                                 cstackBANK0  00000
__HcstackBANK1                                 cstackBANK1  00000
__HcstackBANK4                                 cstackBANK4  00000
__HcstackCOMMON                                cstackCOMMON 00000
__HdataBANK2                                   dataBANK2    00000
__HdataBANK4                                   dataBANK4    00000
__Heeprom_data                                 eeprom_data  00000
__Hend_init                                    end_init     00029
__Hfunctab                                     functab      00000
__HidataBANK2                                  idataBANK2   00000
__HidataBANK4                                  idataBANK4   00000
__Hinit                                        init         00027
__Hintentry                                    intentry     00027
__Hmaintext                                    maintext     00000
__HnvBANK4                                     nvBANK4      00000
__Hpowerup                                     powerup      00000
__Hram                                         ram          00000
__Hreset_vec                                   reset_vec    00002
__Hsfr0                                        sfr0         00000
__Hsfr1                                        sfr1         00000
__Hsfr10                                       sfr10        00000
__Hsfr11                                       sfr11        00000
__Hsfr12                                       sfr12        00000
__Hsfr13                                       sfr13        00000
__Hsfr14                                       sfr14        00000
__Hsfr15                                       sfr15        00000
__Hsfr16                                       sfr16        00000
__Hsfr17                                       sfr17        00000
__Hsfr18                                       sfr18        00000
__Hsfr19                                       sfr19        00000
__Hsfr2                                        sfr2         00000
__Hsfr20                                       sfr20        00000
__Hsfr21                                       sfr21        00000
__Hsfr22                                       sfr22        00000
__Hsfr23                                       sfr23        00000
__Hsfr24                                       sfr24        00000
__Hsfr25                                       sfr25        00000
__Hsfr26                                       sfr26        00000
__Hsfr27                                       sfr27        00000
__Hsfr28                                       sfr28        00000
__Hsfr29                                       sfr29        00000
__Hsfr3                                        sfr3         00000
__Hsfr30                                       sfr30        00000
__Hsfr31                                       sfr31        00000
__Hsfr4                                        sfr4         00000
__Hsfr5                                        sfr5         00000
__Hsfr6                                        sfr6         00000
__Hsfr7                                        sfr7         00000
__Hsfr8                                        sfr8         00000
__Hsfr9                                        sfr9         00000
__Hspace_0                                     (abs)        01000
__Hspace_1                                     (abs)        00252
__Hspace_2                                     (abs)        00000
__Hspace_3                                     (abs)        00000
__Hspace_4                                     (abs)        10013
__Hstack                                       stack        00000
__Hstrings                                     strings      00000
__Hstringtext1                                 stringtext1  00000
__Hstringtext2                                 stringtext2  00000
__Hstringtext3                                 stringtext3  00000
__Hstringtext4                                 stringtext4  00000
__Hstringtext5                                 stringtext5  00000
__Hstringtext6                                 stringtext6  00000
__Hstringtext7                                 stringtext7  00000
__Hstringtext8                                 stringtext8  00000
__Htext                                        text         00000
__Labs1                                        abs1         00000
__Lbank0                                       bank0        00000
__Lbank1                                       bank1        00000
__Lbank10                                      bank10       00000
__Lbank11                                      bank11       00000
__Lbank12                                      bank12       00000
__Lbank13                                      bank13       00000
__Lbank14                                      bank14       00000
__Lbank15                                      bank15       00000
__Lbank16                                      bank16       00000
__Lbank17                                      bank17       00000
__Lbank18                                      bank18       00000
__Lbank19                                      bank19       00000
__Lbank2                                       bank2        00000
__Lbank20                                      bank20       00000
__Lbank21                                      bank21       00000
__Lbank22                                      bank22       00000
__Lbank23                                      bank23       00000
__Lbank24                                      bank24       00000
__Lbank25                                      bank25       00000
__Lbank26                                      bank26       00000
__Lbank27                                      bank27       00000
__Lbank28                                      bank28       00000
__Lbank29                                      bank29       00000
__Lbank3                                       bank3        00000
__Lbank30                                      bank30       00000
__Lbank31                                      bank31       00000
__Lbank4                                       bank4        00000
__Lbank5                                       bank5        00000
__Lbank6                                       bank6        00000
__Lbank7                                       bank7        00000
__Lbank8                                       bank8        00000
__Lbank9                                       bank9        00000
__Lbigram                                      bigram       00000
__LbssBANK1                                    bssBANK1     00000
__LbssBANK2                                    bssBANK2     00000
__LbssBANK3                                    bssBANK3     00000
__LbssBANK4                                    bssBANK4     00000
__LbssCOMMON                                   bssCOMMON    00000
__Lcinit                                       cinit        00029
__Lclrtext                                     clrtext      00000
__Lcode                                        code         00000
__Lcommon                                      common       00000
__Lconfig                                      config       00000
__LcstackBANK0                                 cstackBANK0  00000
__LcstackBANK1                                 cstackBANK1  00000
__LcstackBANK4                                 cstackBANK4  00000
__LcstackCOMMON                                cstackCOMMON 00000
__LdataBANK2                                   dataBANK2    00000
__LdataBANK4                                   dataBANK4    00000
__Leeprom_data                                 eeprom_data  00000
__Lend_init                                    end_init     00027
__Lfunctab                                     functab      00000
__LidataBANK2                                  idataBANK2   00000
__LidataBANK4                                  idataBANK4   00000
__Linit                                        init         00027
__Lintentry                                    intentry     00004
__Lmaintext                                    maintext     00000
__LnvBANK4                                     nvBANK4      00000
__Lpowerup                                     powerup      00000
__Lram                                         ram          00000
__Lreset_vec                                   reset_vec    00000
__Lsfr0                                        sfr0         00000
__Lsfr1                                        sfr1         00000
__Lsfr10                                       sfr10        00000
__Lsfr11                                       sfr11        00000
__Lsfr12                                       sfr12        00000
__Lsfr13                                       sfr13        00000
__Lsfr14                                       sfr14        00000
__Lsfr15                                       sfr15        00000
__Lsfr16                                       sfr16        00000
__Lsfr17                                       sfr17        00000
__Lsfr18                                       sfr18        00000
__Lsfr19                                       sfr19        00000
__Lsfr2                                        sfr2         00000
__Lsfr20                                       sfr20        00000
__Lsfr21                                       sfr21        00000
__Lsfr22                                       sfr22        00000
__Lsfr23                                       sfr23        00000
__Lsfr24                                       sfr24        00000
__Lsfr25                                       sfr25        00000
__Lsfr26                                       sfr26        00000
__Lsfr27                                       sfr27        00000
__Lsfr28                                       sfr28        00000
__Lsfr29                                       sfr29        00000
__Lsfr3                                        sfr3         00000
__Lsfr30                                       sfr30        00000
__Lsfr31                                       sfr31        00000
__Lsfr4                                        sfr4         00000
__Lsfr5                                        sfr5         00000
__Lsfr6                                        sfr6         00000
__Lsfr7                                        sfr7         00000
__Lsfr8                                        sfr8         00000
__Lsfr9                                        sfr9         00000
__Lspace_0                                     (abs)        00000
__Lspace_1                                     (abs)        00000
__Lspace_2                                     (abs)        00000
__Lspace_3                                     (abs)        00000
__Lspace_4                                     (abs)        00000
__Lstack                                       stack        00000
__Lstrings                                     strings      00000
__Lstringtext1                                 stringtext1  00000
__Lstringtext2                                 stringtext2  00000
__Lstringtext3                                 stringtext3  00000
__Lstringtext4                                 stringtext4  00000
__Lstringtext5                                 stringtext5  00000
__Lstringtext6                                 stringtext6  00000
__Lstringtext7                                 stringtext7  00000
__Lstringtext8                                 stringtext8  00000
__Ltext                                        text         00000
__S0                                           (abs)        01000
__S1                                           (abs)        00252
__S2                                           (abs)        00000
__S3                                           (abs)        00000
___aodiv                                       text13       006F0
___aodiv@counter                               cstackBANK0  00030
___aodiv@dividend                              cstackBANK0  00028
___aodiv@divisor                               cstackBANK0  00020
___aodiv@quotient                              cstackBANK0  00032
___aodiv@sign                                  cstackBANK0  00031
___aomod                                       text12       00F16
___aomod@counter                               cstackCOMMON 00074
___aomod@dividend                              cstackBANK0  00028
___aomod@divisor                               cstackBANK0  00020
___aomod@sign                                  cstackCOMMON 00075
___int_sp                                      stack        00000
___latbits                                     (abs)        00001
___lwdiv                                       text41       00C05
___lwdiv@counter                               cstackBANK0  00020
___lwdiv@dividend                              cstackCOMMON 00075
___lwdiv@divisor                               cstackCOMMON 00073
___lwdiv@quotient                              cstackBANK0  00021
___lwmod                                       text14       00B5A
___lwmod@counter                               cstackBANK0  00020
___lwmod@dividend                              cstackCOMMON 00075
___lwmod@divisor                               cstackCOMMON 00073
___sp                                          stack        00000
___stackhi                                     (abs)        0217B
___stacklo                                     (abs)        02172
__end_of_BadBetteryFilter                      text43       00D5D
__end_of_Delay                                 text39       0093A
__end_of_EUSART_DefaultErrorHandler            text49       008CB
__end_of_EUSART_DefaultFramingErrorHandler     text48       00003
__end_of_EUSART_DefaultOverrunErrorHandler     text47       008CF
__end_of_EUSART_Initialize                     text22       00B29
__end_of_EUSART_Read                           text42       00A9F
__end_of_EUSART_Receive_ISR                    text46       00C05
__end_of_EUSART_RxDataHandler                  text50       009F7
__end_of_EUSART_SetErrorHandler                text26       008E1
__end_of_EUSART_SetFramingErrorHandler         text25       008E7
__end_of_EUSART_SetOverrunErrorHandler         text24       008ED
__end_of_EUSART_SetRxInterruptHandler          text23       008F3
__end_of_EUSART_Write                          text10       00923
__end_of_Get_Voltage                           text40       006F0
__end_of_I2C_Master_Start                      text37       008D5
__end_of_I2C_Master_Stop                       text36       008DB
__end_of_I2C_Master_Wait                       text38       00946
__end_of_I2C_Master_Write                      text35       0096E
__end_of_INTERRUPT_InterruptManager            intentry     00027
__end_of_IO_Expander_Write                     text34       00981
__end_of_LCD_CMD                               text32       009C4
__end_of_LCD_Clear                             text31       00952
__end_of_LCD_Init                              text30       00DC8
__end_of_LCD_Set_Cursor                        text29       00AF9
__end_of_LCD_Write_4Bit                        text33       009AC
__end_of_LCD_Write_Char                        text28       009DD
__end_of_LCD_Write_String                      text27       00A4C
__end_of_OSCILLATOR_Initialize                 text21       00919
__end_of_PIN_MANAGER_Initialize                text20       00BC8
__end_of_PMD_Initialize                        text19       00908
__end_of_SYSTEM_Initialize                     text16       00994
__end_of_Sort                                  text44       00E39
__end_of_TMR0_Initialize                       text18       0095E
__end_of_TMR0_ReadTimer                        text15       00900
__end_of___aodiv                               text13       007F4
__end_of___aomod                               text12       01000
__end_of___lwdiv                               text41       00C42
__end_of___lwmod                               text14       00B8F
__end_of__initialization                       cinit        0007D
__end_of_abs                                   text11       00A2D
__end_of_dtoa                                  text4        005BD
__end_of_fputc                                 text8        00C99
__end_of_fputs                                 text7        00A75
__end_of_main                                  maintext     0044B
__end_of_master_init                           text17       0092E
__end_of_pad                                   text5        00CF2
__end_of_putch                                 text9        008F9
__end_of_sprintf                               text1        00ACA
__end_of_strlen                                text6        00A11
__end_of_vfpfcnvrt                             text3        00F16
__end_of_vfprintf                              text2        00B5A
__initialization                               cinit        00029
__pbssBANK1                                    bssBANK1     000A0
__pbssBANK2                                    bssBANK2     00120
__pbssBANK3                                    bssBANK3     001A0
__pbssBANK4                                    bssBANK4     00220
__pbssBIGRAM                                   (abs)        0217C
__pbssCOMMON                                   bssCOMMON    00078
__pcstackBANK0                                 cstackBANK0  00020
__pcstackBANK1                                 cstackBANK1  000C8
__pcstackBANK4                                 cstackBANK4  0024F
__pcstackCOMMON                                cstackCOMMON 00070
__pdataBANK2                                   dataBANK2    00168
__pdataBANK4                                   dataBANK4    00251
__pidataBANK2                                  idataBANK2   00908
__pidataBANK4                                  idataBANK4   00003
__pintentry                                    intentry     00004
__pmaintext                                    maintext     00081
__pnvBANK4                                     nvBANK4      00247
__pstringtext1                                 stringtext1  00800
__pstringtext2                                 stringtext2  00803
__pstringtext3                                 stringtext3  00806
__pstringtext4                                 stringtext4  00809
__pstringtext5                                 stringtext5  0080B
__pstringtext6                                 stringtext6  0080D
__pstringtext7                                 stringtext7  0080F
__pstringtext8                                 stringtext8  00000
__ptext1                                       text1        00A9F
__ptext10                                      text10       00919
__ptext11                                      text11       00A11
__ptext12                                      text12       00F16
__ptext13                                      text13       006F0
__ptext14                                      text14       00B5A
__ptext15                                      text15       008F9
__ptext16                                      text16       00981
__ptext17                                      text17       00923
__ptext18                                      text18       00952
__ptext19                                      text19       00900
__ptext2                                       text2        00B29
__ptext20                                      text20       00B8F
__ptext21                                      text21       00910
__ptext22                                      text22       00AF9
__ptext23                                      text23       008ED
__ptext24                                      text24       008E7
__ptext25                                      text25       008E1
__ptext26                                      text26       008DB
__ptext27                                      text27       00A2D
__ptext28                                      text28       009C4
__ptext29                                      text29       00ACA
__ptext3                                       text3        00E39
__ptext30                                      text30       00D5D
__ptext31                                      text31       00946
__ptext32                                      text32       009AC
__ptext33                                      text33       00994
__ptext34                                      text34       0096E
__ptext35                                      text35       0095E
__ptext36                                      text36       008D5
__ptext37                                      text37       008CF
__ptext38                                      text38       0093A
__ptext39                                      text39       0092E
__ptext4                                       text4        0044B
__ptext40                                      text40       005BD
__ptext41                                      text41       00C05
__ptext42                                      text42       00A75
__ptext43                                      text43       00CF2
__ptext44                                      text44       00DC8
__ptext46                                      text46       00BC8
__ptext47                                      text47       008CB
__ptext48                                      text48       00002
__ptext49                                      text49       008C7
__ptext5                                       text5        00C99
__ptext50                                      text50       009DD
__ptext6                                       text6        009F7
__ptext7                                       text7        00A4C
__ptext8                                       text8        00C42
__ptext9                                       text9        008F3
__size_of_BadBetteryFilter                     (abs)        00000
__size_of_Delay                                (abs)        00000
__size_of_EUSART_DefaultErrorHandler           (abs)        00000
__size_of_EUSART_DefaultFramingErrorHandler    (abs)        00000
__size_of_EUSART_DefaultOverrunErrorHandler    (abs)        00000
__size_of_EUSART_Initialize                    (abs)        00000
__size_of_EUSART_Read                          (abs)        00000
__size_of_EUSART_Receive_ISR                   (abs)        00000
__size_of_EUSART_RxDataHandler                 (abs)        00000
__size_of_EUSART_SetErrorHandler               (abs)        00000
__size_of_EUSART_SetFramingErrorHandler        (abs)        00000
__size_of_EUSART_SetOverrunErrorHandler        (abs)        00000
__size_of_EUSART_SetRxInterruptHandler         (abs)        00000
__size_of_EUSART_Write                         (abs)        00000
__size_of_Get_Voltage                          (abs)        00000
__size_of_I2C_Master_Start                     (abs)        00000
__size_of_I2C_Master_Stop                      (abs)        00000
__size_of_I2C_Master_Wait                      (abs)        00000
__size_of_I2C_Master_Write                     (abs)        00000
__size_of_INTERRUPT_InterruptManager           (abs)        00000
__size_of_IO_Expander_Write                    (abs)        00000
__size_of_LCD_CMD                              (abs)        00000
__size_of_LCD_Clear                            (abs)        00000
__size_of_LCD_Init                             (abs)        00000
__size_of_LCD_Set_Cursor                       (abs)        00000
__size_of_LCD_Write_4Bit                       (abs)        00000
__size_of_LCD_Write_Char                       (abs)        00000
__size_of_LCD_Write_String                     (abs)        00000
__size_of_OSCILLATOR_Initialize                (abs)        00000
__size_of_PIN_MANAGER_Initialize               (abs)        00000
__size_of_PMD_Initialize                       (abs)        00000
__size_of_SYSTEM_Initialize                    (abs)        00000
__size_of_Sort                                 (abs)        00000
__size_of_TMR0_Initialize                      (abs)        00000
__size_of_TMR0_ReadTimer                       (abs)        00000
__size_of___aodiv                              (abs)        00000
__size_of___aomod                              (abs)        00000
__size_of___lwdiv                              (abs)        00000
__size_of___lwmod                              (abs)        00000
__size_of_abs                                  (abs)        00000
__size_of_dtoa                                 (abs)        00000
__size_of_fputc                                (abs)        00000
__size_of_fputs                                (abs)        00000
__size_of_main                                 (abs)        00000
__size_of_master_init                          (abs)        00000
__size_of_pad                                  (abs)        00000
__size_of_putch                                (abs)        00000
__size_of_sprintf                              (abs)        00000
__size_of_strlen                               (abs)        00000
__size_of_vfpfcnvrt                            (abs)        00000
__size_of_vfprintf                             (abs)        00000
_abs                                           text11       00A11
_badBettery                                    bssBANK1     000A0
_ch                                            bssBANK2     00166
_dbuf                                          bssBANK3     001CF
_diffBettery                                   bssBANK2     00120
_dtoa                                          text4        0044B
_dtoa$1489                                     cstackBANK0  00046
_eusartRxBuffer                                bssBANK4     00220
_eusartRxCount                                 bssCOMMON    00078
_eusartRxHead                                  bssCOMMON    0007A
_eusartRxLastError                             bssBANK2     00167
_eusartRxStatusBuffer                          bssBANK3     001A0
_eusartRxTail                                  bssCOMMON    00079
_flags                                         bssBANK2     00164
_fputc                                         text8        00C42
_fputs                                         text7        00A4C
_i                                             bssBANK1     000C2
_i2c_add                                       bssBANK3     001CD
_main                                          maintext     00081
_master_init                                   text17       00923
_no                                            bssBANK3     001EF
_nout                                          bssBANK3     001C7
_pad                                           text5        00C99
_prec                                          bssBANK3     001CB
_putch                                         text9        008F3
_sprintf                                       text1        00A9F
_strlen                                        text6        009F7
_vfpfcnvrt                                     text3        00E39
_vfprintf                                      text2        00B29
_width                                         bssBANK3     001C9
abs@a                                          cstackCOMMON 00076
btemp                                          (abs)        0007E
clear_ram0                                     clrtext      007F4
dtoa@d                                         cstackBANK0  0003A
dtoa@fp                                        cstackBANK0  00045
dtoa@i                                         cstackBANK0  00056
dtoa@n                                         cstackBANK0  0004E
dtoa@p                                         cstackBANK0  00048
dtoa@s                                         cstackBANK0  0004C
dtoa@w                                         cstackBANK0  0004A
end_of_initialization                          cinit        0007D
fputc@c                                        cstackCOMMON 00075
fputc@fp                                       cstackCOMMON 00077
fputs@c                                        cstackBANK0  00029
fputs@fp                                       cstackBANK0  00025
fputs@i                                        cstackBANK0  0002A
fputs@s                                        cstackBANK0  0002C
int$flags                                      (abs)        0007E
intlevel0                                      functab      00000
intlevel1                                      functab      00000
intlevel2                                      functab      00000
intlevel3                                      functab      00000
intlevel4                                      functab      00000
intlevel5                                      functab      00000
main@F12104                                    dataBANK2    00168
main@H_L_counter                               cstackBANK1  000EE
main@i                                         cstackBANK1  000EC
main@index                                     cstackBANK1  000EA
main@index_V_H                                 cstackBANK1  000E6
main@index_V_L                                 cstackBANK1  000E8
main@j                                         cstackBANK4  0024F
main@out                                       cstackBANK1  000DE
pad@buf                                        cstackBANK0  0002D
pad@fp                                         cstackBANK0  00035
pad@i                                          cstackBANK0  00031
pad@p                                          cstackBANK0  0002E
pad@w                                          cstackBANK0  00033
putch@txData                                   cstackCOMMON 00074
reset_vec                                      reset_vec    00000
sprintf@ap                                     cstackBANK1  000D1
sprintf@f                                      cstackBANK1  000D2
sprintf@fmt                                    cstackBANK1  000CA
sprintf@s                                      cstackBANK1  000C8
start                                          init         00027
start_initialization                           cinit        00029
strlen@a                                       cstackCOMMON 00076
strlen@s                                       cstackCOMMON 00077
vfpfcnvrt@ap                                   cstackBANK0  00059
vfpfcnvrt@fmt                                  cstackBANK0  00058
vfpfcnvrt@fp                                   cstackBANK0  00067
vfpfcnvrt@ll                                   cstackBANK0  0005F
vfprintf@ap                                    cstackBANK0  0006A
vfprintf@cfmt                                  cstackBANK0  0006E
vfprintf@fmt                                   cstackBANK0  00068
vfprintf@fp                                    cstackBANK0  0006D
wtemp0                                         (abs)        0007E


FUNCTION INFORMATION:

 *************** function _main *****************
 Defined at:
		line 52 in file "main.c"
 Parameters:    Size  Location     Type
		None
 Auto vars:     Size  Location     Type
  index           2   34[BANK1 ] PTR unsigned int 
		 -> Coulomb_Data.Voltage_L(34), Coulomb_Data.Voltage_H(34), Coulomb_Data.ID(2), Coulomb_Data(116), 
  index_V_L       2   32[BANK1 ] PTR unsigned int 
		 -> Coulomb_Data.Voltage_L(34), Coulomb_Data(116), 
  index_V_H       2   30[BANK1 ] PTR unsigned int 
		 -> Coulomb_Data.Voltage_H(34), Coulomb_Data(116), 
  out             8   22[BANK1 ] unsigned char [8]
  j               2    0[BANK4 ] int 
  H_L_counter     2   38[BANK1 ] int 
  i               2   36[BANK1 ] int 
 Return value:  Size  Location     Type
                  1    wreg      void 
 Registers used:
		wreg, fsr0l, fsr0h, fsr1l, fsr1h, status,2, status,0, pclath, cstack
 Tracked objects:
		On entry : 
		On exit  : 
		Unchanged: 
 Data sizes:     COMMON   BANK0   BANK1   BANK2   BANK3   BANK4   BANK5   BANK6
      Params:         0       0       0       0       0       0       0       0
      Locals:         0       0      18       0       0       2       0       0
      Temps:          0       0       6       0       0       0       0       0
      Totals:         0       0      24       0       0       2       0       0
Total ram usage:       26 bytes
 Hardware stack levels required when called:   13
 This function calls:
		_BadBetteryFilter
		_Delay
		_EUSART_Read
		_EUSART_Write
		_Get_Voltage
		_LCD_Clear
		_LCD_Init
		_LCD_Set_Cursor
		_LCD_Write_String
		_SYSTEM_Initialize
		_TMR0_ReadTimer
		___lwdiv
		___lwmod
		_sprintf
 This function is called by:
		Startup code after reset
 This function uses a non-reentrant model


 *************** function _sprintf *****************
 Defined at:
		line 9 in file "C:\Program Files\Microchip\xc8\v2.20\pic\sources\c99\common\nf_sprintf.c"
 Parameters:    Size  Location     Type
  s               2    0[BANK1 ] PTR unsigned char 
		 -> ShowbadBettery(4), no(1), 
  fmt             2    2[BANK1 ] PTR const unsigned char 
		 -> STR_14(3), STR_10(3), STR_6(3), STR_4(3), 
		 -> STR_2(3), 
 Auto vars:     Size  Location     Type
  f               6   10[BANK1 ] struct _IO_FILE
  ret             2    0        int 
  ap              1    9[BANK1 ] PTR void [1]
		 -> ?_sprintf(2), 
 Return value:  Size  Location     Type
                  2    0[BANK1 ] int 
 Registers used:
		wreg, fsr0l, fsr0h, fsr1l, fsr1h, status,2, status,0, pclath, cstack
 Tracked objects:
		On entry : 
		On exit  : 
		Unchanged: 
 Data sizes:     COMMON   BANK0   BANK1   BANK2   BANK3   BANK4   BANK5   BANK6
      Params:         0       0       6       0       0       0       0       0
      Locals:         0       0       9       0       0       0       0       0
      Temps:          0       0       1       0       0       0       0       0
      Totals:         0       0      16       0       0       0       0       0
Total ram usage:       16 bytes
 Hardware stack levels used:    1
 Hardware stack levels required when called:   12
 This function calls:
		_vfprintf
 This function is called by:
		_main
 This function uses a non-reentrant model


 *************** function _vfprintf *****************
 Defined at:
		line 1368 in file "C:\Program Files\Microchip\xc8\v2.20\pic\sources\c99\common\doprnt.c"
 Parameters:    Size  Location     Type
  fp              1    wreg     PTR struct _IO_FILE
		 -> sprintf@f(6), 
  fmt             2   72[BANK0 ] PTR const unsigned char 
		 -> STR_14(3), STR_10(3), STR_6(3), STR_4(3), 
		 -> STR_2(3), 
  ap              1   74[BANK0 ] PTR PTR void 
		 -> sprintf@ap(1), 
 Auto vars:     Size  Location     Type
  fp              1   77[BANK0 ] PTR struct _IO_FILE
		 -> sprintf@f(6), 
  cfmt            2   78[BANK0 ] PTR unsigned char 
		 -> STR_14(3), STR_10(3), STR_6(3), STR_4(3), 
		 -> STR_2(3), 
 Return value:  Size  Location     Type
                  2   72[BANK0 ] int 
 Registers used:
		wreg, fsr0l, fsr0h, fsr1l, fsr1h, status,2, status,0, pclath, cstack
 Tracked objects:
		On entry : 
		On exit  : 
		Unchanged: 
 Data sizes:     COMMON   BANK0   BANK1   BANK2   BANK3   BANK4   BANK5   BANK6
      Params:         0       3       0       0       0       0       0       0
      Locals:         0       3       0       0       0       0       0       0
      Temps:          0       2       0       0       0       0       0       0
      Totals:         0       8       0       0       0       0       0       0
Total ram usage:        8 bytes
 Hardware stack levels used:    1
 Hardware stack levels required when called:   11
 This function calls:
		_vfpfcnvrt
 This function is called by:
		_sprintf
 This function uses a non-reentrant model


 *************** function _vfpfcnvrt *****************
 Defined at:
		line 670 in file "C:\Program Files\Microchip\xc8\v2.20\pic\sources\c99\common\doprnt.c"
 Parameters:    Size  Location     Type
  fp              1    wreg     PTR struct _IO_FILE
		 -> sprintf@f(6), 
  fmt             1   56[BANK0 ] PTR PTR unsigned char 
		 -> vfprintf@cfmt(2), 
  ap              1   57[BANK0 ] PTR PTR void 
		 -> sprintf@ap(1), 
 Auto vars:     Size  Location     Type
  fp              1   71[BANK0 ] PTR struct _IO_FILE
		 -> sprintf@f(6), 
  ll              8   63[BANK0 ] long long 
  llu             8    0        unsigned long long 
  f               4    0        unsigned long long 
  ct              3    0        unsigned char [3]
  vp              2    0        PTR void 
  i               2    0        int 
  done            2    0        int 
  cp              2    0        PTR unsigned char 
  c               1    0        unsigned char 
 Return value:  Size  Location     Type
                  2   56[BANK0 ] int 
 Registers used:
		wreg, fsr0l, fsr0h, fsr1l, fsr1h, status,2, status,0, pclath, cstack
 Tracked objects:
		On entry : 
		On exit  : 
		Unchanged: 
 Data sizes:     COMMON   BANK0   BANK1   BANK2   BANK3   BANK4   BANK5   BANK6
      Params:         0       2       0       0       0       0       0       0
      Locals:         0       9       0       0       0       0       0       0
      Temps:          0       5       0       0       0       0       0       0
      Totals:         0      16       0       0       0       0       0       0
Total ram usage:       16 bytes
 Hardware stack levels used:    1
 Hardware stack levels required when called:   10
 This function calls:
		_dtoa
		_fputc
 This function is called by:
		_vfprintf
 This function uses a non-reentrant model


 *************** function _dtoa *****************
 Defined at:
		line 274 in file "C:\Program Files\Microchip\xc8\v2.20\pic\sources\c99\common\doprnt.c"
 Parameters:    Size  Location     Type
  fp              1    wreg     PTR struct _IO_FILE
		 -> sprintf@f(6), 
  d               8   26[BANK0 ] long long 
 Auto vars:     Size  Location     Type
  fp              1   37[BANK0 ] PTR struct _IO_FILE
		 -> sprintf@f(6), 
  n               8   46[BANK0 ] long long 
  i               2   54[BANK0 ] int 
  s               2   44[BANK0 ] int 
  w               2   42[BANK0 ] int 
  p               2   40[BANK0 ] int 
 Return value:  Size  Location     Type
                  2   26[BANK0 ] int 
 Registers used:
		wreg, fsr0l, fsr0h, fsr1l, fsr1h, status,2, status,0, pclath, cstack
 Tracked objects:
		On entry : 
		On exit  : 
		Unchanged: 
 Data sizes:     COMMON   BANK0   BANK1   BANK2   BANK3   BANK4   BANK5   BANK6
      Params:         0       8       0       0       0       0       0       0
      Locals:         0      19       0       0       0       0       0       0
      Temps:          0       3       0       0       0       0       0       0
      Totals:         0      30       0       0       0       0       0       0
Total ram usage:       30 bytes
 Hardware stack levels used:    1
 Hardware stack levels required when called:    9
 This function calls:
		___aodiv
		___aomod
		_abs
		_pad
 This function is called by:
		_vfpfcnvrt
 This function uses a non-reentrant model


 *************** function _pad *****************
 Defined at:
		line 72 in file "C:\Program Files\Microchip\xc8\v2.20\pic\sources\c99\common\doprnt.c"
 Parameters:    Size  Location     Type
  fp              1    wreg     PTR struct _IO_FILE
		 -> sprintf@f(6), 
  buf             1   13[BANK0 ] PTR unsigned char 
		 -> dbuf(32), 
  p               2   14[BANK0 ] int 
 Auto vars:     Size  Location     Type
  fp              1   21[BANK0 ] PTR struct _IO_FILE
		 -> sprintf@f(6), 
  w               2   19[BANK0 ] int 
[...]
      Params:         0       0       0       0       0       0       0       0
      Locals:         0       0       0       0       0       0       0       0
      Temps:          0       0       0       0       0       0       0       0
      Totals:         0       0       0       0       0       0       0       0
Total ram usage:        0 bytes
 Hardware stack levels used:    1
 Hardware stack levels required when called:    5
 This function calls:
		_I2C_Master_Wait
 This function is called by:
		_IO_Expander_Write
 This function uses a non-reentrant model


 *************** function _I2C_Master_Wait *****************
 Defined at:
		line 6 in file "I2C_LCD.c"
 Parameters:    Size  Location     Type
		None
 Auto vars:     Size  Location     Type
		None
 Return value:  Size  Location     Type
                  1    wreg      void 
 Registers used:
		wreg, status,2
 Tracked objects:
		On entry : 
		On exit  : 
		Unchanged: 
 Data sizes:     COMMON   BANK0   BANK1   BANK2   BANK3   BANK4   BANK5   BANK6
      Params:         0       0       0       0       0       0       0       0
      Locals:         0       0       0       0       0       0       0       0
      Temps:          0       0       0       0       0       0       0       0
      Totals:         0       0       0       0       0       0       0       0
Total ram usage:        0 bytes
 Hardware stack levels used:    1
 Hardware stack levels required when called:    4
 This function calls:
		Nothing
 This function is called by:
		_I2C_Master_Start
		_I2C_Master_Stop
		_I2C_Master_Write
		_I2C_Master_RepeatedStart
		_I2C_ACK
		_I2C_NACK
		_I2C_Read_Byte
 This function uses a non-reentrant model


 *************** function _Delay *****************
 Defined at:
		line 192 in file "I2C_LCD.c"
 Parameters:    Size  Location     Type
  counter         2    3[COMMON] unsigned int 
 Auto vars:     Size  Location     Type
		None
 Return value:  Size  Location     Type
                  1    wreg      void 
 Registers used:
		wreg, status,2, status,0
 Tracked objects:
		On entry : 
		On exit  : 
		Unchanged: 
 Data sizes:     COMMON   BANK0   BANK1   BANK2   BANK3   BANK4   BANK5   BANK6
      Params:         2       0       0       0       0       0       0       0
      Locals:         0       0       0       0       0       0       0       0
      Temps:          0       0       0       0       0       0       0       0
      Totals:         2       0       0       0       0       0       0       0
Total ram usage:        2 bytes
 Hardware stack levels used:    1
 Hardware stack levels required when called:    4
 This function calls:
		Nothing
 This function is called by:
		_main
		_LCD_Init
		_LCD_Write_4Bit
		_LCD_Clear
		_LCD_SL
		_LCD_SR
 This function uses a non-reentrant model


 *************** function _Get_Voltage *****************
 Defined at:
		line 157 in file "main.c"
 Parameters:    Size  Location     Type
  k               2    3[BANK0 ] int 
 Auto vars:     Size  Location     Type
		None
 Return value:  Size  Location     Type
                  1    wreg      void 
 Registers used:
		wreg, fsr0l, fsr0h, fsr1l, fsr1h, status,2, status,0, pclath, cstack
 Tracked objects:
		On entry : 
		On exit  : 
		Unchanged: 
 Data sizes:     COMMON   BANK0   BANK1   BANK2   BANK3   BANK4   BANK5   BANK6
      Params:         0       2       0       0       0       0       0       0
      Locals:         0       0       0       0       0       0       0       0
      Temps:          0      17       0       0       0       0       0       0
      Totals:         0      19       0       0       0       0       0       0
Total ram usage:       19 bytes
 Hardware stack levels used:    1
 Hardware stack levels required when called:    5
 This function calls:
		___lwdiv
 This function is called by:
		_main
 This function uses a non-reentrant model


 *************** function ___lwdiv *****************
 Defined at:
		line 5 in file "C:\Program Files\Microchip\xc8\v2.20\pic\sources\c99\common\lwdiv.c"
 Parameters:    Size  Location     Type
  divisor         2    3[COMMON] unsigned int 
  dividend        2    5[COMMON] unsigned int 
 Auto vars:     Size  Location     Type
  quotient        2    1[BANK0 ] unsigned int 
  counter         1    0[BANK0 ] unsigned char 
 Return value:  Size  Location     Type
                  2    3[COMMON] unsigned int 
 Registers used:
		wreg, status,2, status,0
 Tracked objects:
		On entry : 
		On exit  : 
		Unchanged: 
 Data sizes:     COMMON   BANK0   BANK1   BANK2   BANK3   BANK4   BANK5   BANK6
      Params:         4       0       0       0       0       0       0       0
      Locals:         0       3       0       0       0       0       0       0
      Temps:          1       0       0       0       0       0       0       0
      Totals:         5       3       0       0       0       0       0       0
Total ram usage:        8 bytes
 Hardware stack levels used:    1
 Hardware stack levels required when called:    4
 This function calls:
		Nothing
 This function is called by:
		_main
		_Get_Voltage
 This function uses a non-reentrant model


 *************** function _EUSART_Read *****************
 Defined at:
		line 86 in file "mcc_generated_files/eusart.c"
 Parameters:    Size  Location     Type
		None
 Auto vars:     Size  Location     Type
  readValue       1    4[COMMON] unsigned char 
 Return value:  Size  Location     Type
                  1    wreg      unsigned char 
 Registers used:
		wreg, fsr1l, fsr1h, status,2, status,0
 Tracked objects:
		On entry : 
		On exit  : 
		Unchanged: 
 Data sizes:     COMMON   BANK0   BANK1   BANK2   BANK3   BANK4   BANK5   BANK6
      Params:         0       0       0       0       0       0       0       0
      Locals:         1       0       0       0       0       0       0       0
      Temps:          1       0       0       0       0       0       0       0
      Totals:         2       0       0       0       0       0       0       0
Total ram usage:        2 bytes
 Hardware stack levels used:    1
 Hardware stack levels required when called:    4
 This function calls:
		Nothing
 This function is called by:
		_main
		_getch
 This function uses a non-reentrant model


 *************** function _BadBetteryFilter *****************
 Defined at:
		line 178 in file "main.c"
 Parameters:    Size  Location     Type
		None
 Auto vars:     Size  Location     Type
  k               2   14[BANK0 ] int 
 Return value:  Size  Location     Type
                  1    wreg      void 
 Registers used:
		wreg, fsr0l, fsr0h, fsr1l, fsr1h, status,2, status,0, pclath, cstack
 Tracked objects:
		On entry : 
		On exit  : 
		Unchanged: 
 Data sizes:     COMMON   BANK0   BANK1   BANK2   BANK3   BANK4   BANK5   BANK6
      Params:         0       0       0       0       0       0       0       0
      Locals:         0       2       0       0       0       0       0       0
      Temps:          0       6       0       0       0       0       0       0
      Totals:         0       8       0       0       0       0       0       0
Total ram usage:        8 bytes
 Hardware stack levels used:    1
 Hardware stack levels required when called:    5
 This function calls:
		_Sort
 This function is called by:
		_main
 This function uses a non-reentrant model


 *************** function _Sort *****************
 Defined at:
		line 165 in file "main.c"
 Parameters:    Size  Location     Type
		None
 Auto vars:     Size  Location     Type
  j               2    6[BANK0 ] int 
  i               2    4[BANK0 ] int 
  n               2    0        int 
  tmp             2    0[BANK0 ] int 
 Return value:  Size  Location     Type
                  1    wreg      void 
 Registers used:
		wreg, fsr0l, fsr0h, fsr1l, fsr1h, status,2, status,0
 Tracked objects:
		On entry : 
		On exit  : 
		Unchanged: 
 Data sizes:     COMMON   BANK0   BANK1   BANK2   BANK3   BANK4   BANK5   BANK6
      Params:         0       0       0       0       0       0       0       0
      Locals:         0       8       0       0       0       0       0       0
      Temps:          4       0       0       0       0       0       0       0
      Totals:         4       8       0       0       0       0       0       0
Total ram usage:       12 bytes
 Hardware stack levels used:    1
 Hardware stack levels required when called:    4
 This function calls:
		Nothing
 This function is called by:
		_BadBetteryFilter
 This function uses a non-reentrant model


 *************** function _INTERRUPT_InterruptManager *****************
 Defined at:
		line 56 in file "mcc_generated_files/interrupt_manager.c"
 Parameters:    Size  Location     Type
		None
 Auto vars:     Size  Location     Type
		None
 Return value:  Size  Location     Type
                  1    wreg      void 
 Registers used:
		wreg, fsr1l, fsr1h, status,2, status,0, pclath, cstack
 Tracked objects:
		On entry : 
		On exit  : 
		Unchanged: 
 Data sizes:     COMMON   BANK0   BANK1   BANK2   BANK3   BANK4   BANK5   BANK6
      Params:         0       0       0       0       0       0       0       0
      Locals:         0       0       0       0       0       0       0       0
      Temps:          0       0       0       0       0       0       0       0
      Totals:         0       0       0       0       0       0       0       0
Total ram usage:        0 bytes
 Hardware stack levels used:    1
 Hardware stack levels required when called:    3
 This function calls:
		Absolute function
		_EUSART_Receive_ISR
 This function is called by:
		Interrupt level 1
 This function uses a non-reentrant model


 *************** function _EUSART_Receive_ISR *****************
 Defined at:
		line 128 in file "mcc_generated_files/eusart.c"
 Parameters:    Size  Location     Type
		None
 Auto vars:     Size  Location     Type
		None
 Return value:  Size  Location     Type
                  1    wreg      void 
 Registers used:
		wreg, fsr1l, fsr1h, status,2, status,0, pclath, cstack
 Tracked objects:
		On entry : 
		On exit  : 
		Unchanged: 
 Data sizes:     COMMON   BANK0   BANK1   BANK2   BANK3   BANK4   BANK5   BANK6
      Params:         0       0       0       0       0       0       0       0
      Locals:         0       0       0       0       0       0       0       0
      Temps:          0       0       0       0       0       0       0       0
      Totals:         0       0       0       0       0       0       0       0
Total ram usage:        0 bytes
 Hardware stack levels used:    1
 Hardware stack levels required when called:    2
 This function calls:
		Absolute function
		_EUSART_DefaultErrorHandler
		_EUSART_DefaultFramingErrorHandler
		_EUSART_DefaultOverrunErrorHandler
		_EUSART_RxDataHandler
 This function is called by:
		_EUSART_Initialize
		_INTERRUPT_InterruptManager
 This function uses a non-reentrant model


 *************** function _EUSART_DefaultOverrunErrorHandler *****************
 Defined at:
		line 166 in file "mcc_generated_files/eusart.c"
 Parameters:    Size  Location     Type
		None
 Auto vars:     Size  Location     Type
		None
 Return value:  Size  Location     Type
                  1    wreg      void 
 Registers used:
		None
 Tracked objects:
		On entry : 
		On exit  : 
		Unchanged: 
 Data sizes:     COMMON   BANK0   BANK1   BANK2   BANK3   BANK4   BANK5   BANK6
      Params:         0       0       0       0       0       0       0       0
      Locals:         0       0       0       0       0       0       0       0
      Temps:          0       0       0       0       0       0       0       0
      Totals:         0       0       0       0       0       0       0       0
Total ram usage:        0 bytes
 Hardware stack levels used:    1
 This function calls:
		Nothing
 This function is called by:
		_EUSART_Initialize
		_EUSART_Receive_ISR
 This function uses a non-reentrant model


 *************** function _EUSART_DefaultFramingErrorHandler *****************
 Defined at:
		line 164 in file "mcc_generated_files/eusart.c"
 Parameters:    Size  Location     Type
		None
 Auto vars:     Size  Location     Type
		None
 Return value:  Size  Location     Type
                  1    wreg      void 
 Registers used:
		None
 Tracked objects:
		On entry : 
		On exit  : 
		Unchanged: 
 Data sizes:     COMMON   BANK0   BANK1   BANK2   BANK3   BANK4   BANK5   BANK6
      Params:         0       0       0       0       0       0       0       0
      Locals:         0       0       0       0       0       0       0       0
      Temps:          0       0       0       0       0       0       0       0
      Totals:         0       0       0       0       0       0       0       0
Total ram usage:        0 bytes
 Hardware stack levels used:    1
 This function calls:
		Nothing
 This function is called by:
		_EUSART_Initialize
		_EUSART_Receive_ISR
 This function uses a non-reentrant model


 *************** function _EUSART_DefaultErrorHandler *****************
 Defined at:
		line 174 in file "mcc_generated_files/eusart.c"
 Parameters:    Size  Location     Type
		None
 Auto vars:     Size  Location     Type
		None
 Return value:  Size  Location     Type
                  1    wreg      void 
 Registers used:
		wreg, fsr1l, fsr1h, status,2, status,0, pclath, cstack
 Tracked objects:
		On entry : 
		On exit  : 
		Unchanged: 
 Data sizes:     COMMON   BANK0   BANK1   BANK2   BANK3   BANK4   BANK5   BANK6
      Params:         0       0       0       0       0       0       0       0
      Locals:         0       0       0       0       0       0       0       0
      Temps:          0       0       0       0       0       0       0       0
      Totals:         0       0       0       0       0       0       0       0
Total ram usage:        0 bytes
 Hardware stack levels used:    1
 Hardware stack levels required when called:    1
 This function calls:
		_EUSART_RxDataHandler
 This function is called by:
		_EUSART_Initialize
		_EUSART_Receive_ISR
 This function uses a non-reentrant model


 *************** function _EUSART_RxDataHandler *****************
 Defined at:
		line 152 in file "mcc_generated_files/eusart.c"
 Parameters:    Size  Location     Type
		None
 Auto vars:     Size  Location     Type
  test            2    0        int 
 Return value:  Size  Location     Type
                  1    wreg      void 
 Registers used:
		wreg, fsr1l, fsr1h, status,2, status,0
 Tracked objects:
		On entry : 
		On exit  : 
		Unchanged: 
 Data sizes:     COMMON   BANK0   BANK1   BANK2   BANK3   BANK4   BANK5   BANK6
      Params:         0       0       0       0       0       0       0       0
      Locals:         2       0       0       0       0       0       0       0
      Temps:          1       0       0       0       0       0       0       0
      Totals:         3       0       0       0       0       0       0       0
Total ram usage:        3 bytes
 Hardware stack levels used:    1
 This function calls:
		Nothing
 This function is called by:
		_EUSART_Receive_ISR
		_EUSART_DefaultErrorHandler
 This function uses a non-reentrant model



MODULE INFORMATION

Module		Function		Class		Link	Load	Size
C:\Program Files\Microchip\xc8\v2.20\pic\sources\c99\common\nf_fputc.c
		_fputc         		CODE           	0C42	0000	88

C:\Program Files\Microchip\xc8\v2.20\pic\sources\c99\common\nf_fputc.c estimated size: 88

C:\Program Files\Microchip\xc8\v2.20\pic\sources\c99\common\doprnt.c
		_vfpfcnvrt     		CODE           	0E39	0000	222
		_pad           		CODE           	0C99	0000	90
		_dtoa          		CODE           	044B	0000	371
		_vfprintf      		CODE           	0B29	0000	50

C:\Program Files\Microchip\xc8\v2.20\pic\sources\c99\common\doprnt.c estimated size: 733

mcc_generated_files/interrupt_manager.c
		_INTERRUPT_InterruptManager		CODE           	0004	0000	36

mcc_generated_files/interrupt_manager.c estimated size: 36

mcc_generated_files/tmr0.c
		_TMR0_ReadTimer		CODE           	08F9	0000	8
		_TMR0_Initialize		CODE           	0952	0000	13

mcc_generated_files/tmr0.c estimated size: 21

mcc_generated_files/pin_manager.c
		_PIN_MANAGER_Initialize		CODE           	0B8F	0000	58

mcc_generated_files/pin_manager.c estimated size: 58

C:\Program Files\Microchip\xc8\v2.20\pic\sources\c99\common\aomod.c
		___aomod       		CODE           	0F16	0000	235

C:\Program Files\Microchip\xc8\v2.20\pic\sources\c99\common\aomod.c estimated size: 235

C:\Program Files\Microchip\xc8\v2.20\pic\sources\c99\common\nf_sprintf.c
		_sprintf       		CODE           	0A9F	0000	44

C:\Program Files\Microchip\xc8\v2.20\pic\sources\c99\common\nf_sprintf.c estimated size: 44

C:\Program Files\Microchip\xc8\v2.20\pic\sources\c99\common\lwmod.c
		___lwmod       		CODE           	0B5A	0000	54

C:\Program Files\Microchip\xc8\v2.20\pic\sources\c99\common\lwmod.c estimated size: 54

C:\Program Files\Microchip\xc8\v2.20\pic\sources\c99\common\nf_fputs.c
		_fputs         		CODE           	0A4C	0000	42

C:\Program Files\Microchip\xc8\v2.20\pic\sources\c99\common\nf_fputs.c estimated size: 42

shared
		__initialization		CODE           	0029	0000	85

shared estimated size: 85

I2C_LCD.c
		_LCD_Init      		CODE           	0D5D	0000	108
		_LCD_Write_4Bit		CODE           	0994	0000	25
		_LCD_Write_Char		CODE           	09C4	0000	26
		_LCD_CMD       		CODE           	09AC	0000	25
		_I2C_Master_Wait		CODE           	093A	0000	13
		_I2C_Master_Stop		CODE           	08D5	0000	7
		_LCD_Set_Cursor		CODE           	0ACA	0000	48
		_LCD_Clear     		CODE           	0946	0000	13
		_IO_Expander_Write		CODE           	096E	0000	20
		_Delay         		CODE           	092E	0000	13
		_I2C_Master_Write		CODE           	095E	0000	17
		_I2C_Master_Start		CODE           	08CF	0000	7
		_LCD_Write_String		CODE           	0A2D	0000	32

I2C_LCD.c estimated size: 354

mcc_generated_files/mcc.c
		_master_init   		CODE           	0923	0000	12
		_PMD_Initialize		CODE           	0900	0000	9
		_OSCILLATOR_Initialize		CODE           	0910	0000	10
		_SYSTEM_Initialize		CODE           	0981	0000	20

mcc_generated_files/mcc.c estimated size: 51

C:\Program Files\Microchip\xc8\v2.20\pic\sources\c99\common\aodiv.c
		___aodiv       		CODE           	06F0	0000	261

C:\Program Files\Microchip\xc8\v2.20\pic\sources\c99\common\aodiv.c estimated size: 261

C:\Program Files\Microchip\xc8\v2.20\pic\sources\c99\common\abs.c
		_abs           		CODE           	0A11	0000	29

C:\Program Files\Microchip\xc8\v2.20\pic\sources\c99\common\abs.c estimated size: 29

C:\Program Files\Microchip\xc8\v2.20\pic\sources\c99\common\strlen.c
		_strlen        		CODE           	09F7	0000	27

C:\Program Files\Microchip\xc8\v2.20\pic\sources\c99\common\strlen.c estimated size: 27

C:\Program Files\Microchip\xc8\v2.20\pic\sources\c99\common\lwdiv.c
		___lwdiv       		CODE           	0C05	0000	62

C:\Program Files\Microchip\xc8\v2.20\pic\sources\c99\common\lwdiv.c estimated size: 62

mcc_generated_files/eusart.c
		_EUSART_SetRxInterruptHandler		CODE           	08ED	0000	7
		_putch         		CODE           	08F3	0000	7
		_EUSART_Read   		CODE           	0A75	0000	43
		_EUSART_DefaultOverrunErrorHandler		CODE           	08CB	0000	5
		_EUSART_Write  		CODE           	0919	0000	11
		_EUSART_DefaultErrorHandler		CODE           	08C7	0000	5
		_EUSART_Initialize		CODE           	0AF9	0000	49
		_EUSART_SetFramingErrorHandler		CODE           	08E1	0000	7
		_EUSART_SetErrorHandler		CODE           	08DB	0000	7
		_EUSART_SetOverrunErrorHandler		CODE           	08E7	0000	7
		_EUSART_Receive_ISR		CODE           	0BC8	0000	62
		_EUSART_RxDataHandler		CODE           	09DD	0000	27
		_EUSART_DefaultFramingErrorHandler		CODE           	0002	0000	2

mcc_generated_files/eusart.c estimated size: 239

main.c
		_BadBetteryFilter		CODE           	0CF2	0000	108
		_Sort          		CODE           	0DC8	0000	114
		_main          		CODE           	0081	0000	971
		_Get_Voltage   		CODE           	05BD	0000	308

main.c estimated size: 1501

